<html>
<body>
<pre>
<h1>礦ision Build Log</h1>
<h2>Tool Versions:</h2>
IDE-Version: μVision V5.21.1.0
Copyright (C) 2016 ARM Ltd and ARM Germany GmbH. All rights reserved.
License Information: z zwq, bit, LIC=P6FWF-6C3B8-JM698-3MRW2-WXZRV-9SU12
 
Tool Versions:
Toolchain:       MDK-ARM Professional  Version: 5.21a
Toolchain Path:  C:\Keil_v5\ARM\ARMCC\Bin
C Compiler:      Armcc.exe V5.06 update 3 (build 300)
Assembler:       Armasm.exe V5.06 update 3 (build 300)
Linker/Locator:  ArmLink.exe V5.06 update 3 (build 300)
Library Manager: ArmAr.exe V5.06 update 3 (build 300)
Hex Converter:   FromElf.exe V5.06 update 3 (build 300)
CPU DLL:         SARMCM3.DLL V5.21a
Dialog DLL:      DCM.DLL V1.13.8.0
Target DLL:      STLink\ST-LINKIII-KEIL_SWO.dll V2.0.18.0
Dialog DLL:      TCM.DLL V1.14.14.0
 
<h2>Project:</h2>
C:\Users\zwq\Desktop\udp 下位机 低频 带同步 带板子切换 广播触发\WifiOpen-NoOs_mdk wifi_success\Project\WifiOpen.uvprojx
Project File Date:  10/06/2016

<h2>Output:</h2>
*** Using Compiler 'V5.06 update 3 (build 300)', folder: 'C:\Keil_v5\ARM\ARMCC\Bin'
Build target 'WifiOpen'
compiling UartTrace.c...
compiling board_init.c...
compiling stm32f10x_it.c...
compiling Console.c...
compiling Buzzer.c...
compiling GSPI.c...
compiling Flash.c...
compiling Relay.c...
compiling LED.c...
compiling Uart.c...
compiling WifiApiPrivate.c...
compiling WifiApiExport.c...
compiling WiFiCommand.c...
compiling Wifi_Hw.c...
compiling Wifi_If.c...
compiling WlanAdapter.c...
compiling WlanCmd.c...
compiling WlanInit.c...
compiling WlanMisc.c...
compiling WlanPkt.c...
compiling tapdev.c...
compiling uIP_App.c...
compiling Main.c...
compiling SysClock.c...
compiling timerx.c...
compiling tcp_client_demo.c...
compiling AD.c...
linking...
Program Size: Code=41720 RO-data=1092 RW-data=248 ZI-data=53592  
FromELF: creating hex file...
".\obj\WifiOpen.axf" - 0 Error(s), 0 Warning(s).

<h2>Software Packages used:</h2>

Package Vendor: ARM
                http://www.keil.com/pack/ARM.CMSIS.4.5.0.pack
                ARM::CMSIS:CORE:4.3.0
                CMSIS (Cortex Microcontroller Software Interface Standard)
   * Component: CORE Version: 4.3.0

<h2>Collection of Component include folders:</h2>
  C:\Users\zwq\Desktop\udp 下位机 低频 带同步 带板子切换 广播触发\WifiOpen-NoOs_mdk wifi_success\Project\RTE
  C:\Keil_v5\ARM\PACK\ARM\CMSIS\4.5.0\CMSIS\Include
  C:\Keil_v5\ARM\PACK\Keil\STM32F1xx_DFP\2.1.0\Device\Include

<h2>Collection of Component Files used:</h2>

   * Component: ARM::CMSIS:CORE:4.3.0
Build Time Elapsed:  00:00:11
</pre>
</body>
</html>
