Component: ARM Compiler 5.06 update 3 (build 300) Tool: armlink [4d35c9]

==============================================================================

Section Cross References

    hw_config.o(.text) refers to stm32f10x_rcc.o(.text) for RCC_DeInit
    hw_config.o(.text) refers to stm32f10x_flash.o(.text) for FLASH_PrefetchBufferCmd
    hw_config.o(.text) refers to hw_config.o(.data) for HSEStartUpStatus
    startup_stm32f10x_hd.o(STACK) refers (Special) to heapauxi.o(.text) for __use_two_region_memory
    startup_stm32f10x_hd.o(HEAP) refers (Special) to heapauxi.o(.text) for __use_two_region_memory
    startup_stm32f10x_hd.o(RESET) refers (Special) to heapauxi.o(.text) for __use_two_region_memory
    startup_stm32f10x_hd.o(RESET) refers to startup_stm32f10x_hd.o(STACK) for __initial_sp
    startup_stm32f10x_hd.o(RESET) refers to startup_stm32f10x_hd.o(.text) for Reset_Handler
    startup_stm32f10x_hd.o(RESET) refers to stm32f10x_it.o(.text) for NMI_Handler
    startup_stm32f10x_hd.o(RESET) refers to uart.o(.text) for USART1_IRQHandler
    startup_stm32f10x_hd.o(RESET) refers to timerx.o(.text) for TIM6_IRQHandler
    startup_stm32f10x_hd.o(.text) refers (Special) to heapauxi.o(.text) for __use_two_region_memory
    startup_stm32f10x_hd.o(.text) refers to system_stm32f10x.o(.text) for SystemInit
    startup_stm32f10x_hd.o(.text) refers to __main.o(!!!main) for __main
    startup_stm32f10x_hd.o(.text) refers to startup_stm32f10x_hd.o(HEAP) for Heap_Mem
    startup_stm32f10x_hd.o(.text) refers to startup_stm32f10x_hd.o(STACK) for Stack_Mem
    stm32f10x_it.o(.text) refers to sysclock.o(.text) for SysTickCallBack
    stm32f10x_it.o(.text) refers to led.o(.text) for LED_Flash
    stm32f10x_it.o(.text) refers to stm32f10x_tim.o(.text) for TIM_SetCounter
    stm32f10x_it.o(.text) refers to wlanadapter.o(.data) for g_pWlanAdapter
    stm32f10x_it.o(.text) refers to wifi_if.o(.data) for pWlanInterruptCallback
    stm32f10x_it.o(.text) refers to main.o(.data) for mode
    stm32f10x_it.o(.text) refers to ad.o(.data) for count
    stm32f10x_it.o(.text) refers to timerx.o(.data) for ad_timer
    system_stm32f10x.o(.text) refers to system_stm32f10x.o(.data) for SystemCoreClock
    psock.o(.text) refers to rt_memcpy_v6.o(.text) for __aeabi_memcpy
    psock.o(.text) refers to uip.o(.text) for uip_send
    psock.o(.text) refers to __2printf.o(.text) for __2printf
    psock.o(.text) refers to uip.o(.data) for uip_flags
    stm32f10x_usart.o(.text) refers to stm32f10x_rcc.o(.text) for RCC_APB2PeriphResetCmd
    stm32f10x_gpio.o(.text) refers to stm32f10x_rcc.o(.text) for RCC_APB2PeriphResetCmd
    stm32f10x_rcc.o(.text) refers to stm32f10x_rcc.o(.data) for APBAHBPrescTable
    stm32f10x_spi.o(.text) refers to stm32f10x_rcc.o(.text) for RCC_APB2PeriphResetCmd
    buzzer.o(.text) refers to stm32f10x_gpio.o(.text) for GPIO_ResetBits
    buzzer.o(.text) refers to stm32f10x_rcc.o(.text) for RCC_APB2PeriphClockCmd
    console.o(.text) refers to rt_memclr.o(.text) for __aeabi_memclr
    console.o(.text) refers to uart.o(.text) for Uart_Init
    console.o(.text) refers to c89vsprintf.o(.text) for __c89vsprintf
    console.o(.text) refers to console.o(.bss) for g_Console
    console.o(.text) refers to console.o(.constdata) for uart
    console.o(.constdata) refers to console.o(.text) for Console_IRQHandler
    gspi.o(.text) refers to stm32f10x_rcc.o(.text) for RCC_APB2PeriphClockCmd
    gspi.o(.text) refers to stm32f10x_gpio.o(.text) for GPIO_Init
    gspi.o(.text) refers to stm32f10x_spi.o(.text) for SPI_Init
    gspi.o(.text) refers to stm32f10x_dma.o(.text) for DMA_ClearFlag
    flash.o(.text) refers to stm32f10x_flash.o(.text) for FLASH_Unlock
    flash.o(.text) refers to h1_alloc.o(.text) for malloc
    flash.o(.text) refers to rt_memcpy_v6.o(.text) for __aeabi_memcpy
    flash.o(.text) refers to h1_free.o(.text) for free
    led.o(.text) refers to stm32f10x_gpio.o(.text) for GPIO_SetBits
    led.o(.text) refers to stm32f10x_rcc.o(.text) for RCC_APB2PeriphClockCmd
    relay.o(.text) refers to stm32f10x_rcc.o(.text) for RCC_APB2PeriphClockCmd
    relay.o(.text) refers to stm32f10x_gpio.o(.text) for GPIO_Init
    relay.o(.text) refers to buzzer.o(.text) for Buzzer_Off
    uart.o(.text) refers to stm32f10x_usart.o(.text) for USART_GetITStatus
    uart.o(.text) refers to stm32f10x_rcc.o(.text) for RCC_APB2PeriphClockCmd
    uart.o(.text) refers to stm32f10x_gpio.o(.text) for GPIO_Init
    uart.o(.text) refers to misc.o(.text) for NVIC_SetVectorTable
    uart.o(.text) refers to uart.o(.data) for pUart1IrqHandler
    wifiapiexport.o(.text) refers to wificommand.o(.text) for WiFiCmd_RunCommand
    wifiapiexport.o(.text) refers to wlancmd.o(.text) for CmdMacControl
    wifiapiexport.o(.text) refers to wlanmisc.o(.text) for WlanMisc_ASCII2WEPKey
    wifiapiexport.o(.text) refers to rt_memcpy_v6.o(.text) for __aeabi_memcpy
    wifiapiexport.o(.text) refers to flash.o(.text) for Flash_Read
[...]
    SPI1_IRQHandler                          0x0800031f   Thumb Code     0  startup_stm32f10x_hd.o(.text)
    SPI2_IRQHandler                          0x0800031f   Thumb Code     0  startup_stm32f10x_hd.o(.text)
    SPI3_IRQHandler                          0x0800031f   Thumb Code     0  startup_stm32f10x_hd.o(.text)
    TAMPER_IRQHandler                        0x0800031f   Thumb Code     0  startup_stm32f10x_hd.o(.text)
    TIM1_BRK_IRQHandler                      0x0800031f   Thumb Code     0  startup_stm32f10x_hd.o(.text)
    TIM1_CC_IRQHandler                       0x0800031f   Thumb Code     0  startup_stm32f10x_hd.o(.text)
    TIM1_TRG_COM_IRQHandler                  0x0800031f   Thumb Code     0  startup_stm32f10x_hd.o(.text)
    TIM1_UP_IRQHandler                       0x0800031f   Thumb Code     0  startup_stm32f10x_hd.o(.text)
    TIM2_IRQHandler                          0x0800031f   Thumb Code     0  startup_stm32f10x_hd.o(.text)
    TIM3_IRQHandler                          0x0800031f   Thumb Code     0  startup_stm32f10x_hd.o(.text)
    TIM4_IRQHandler                          0x0800031f   Thumb Code     0  startup_stm32f10x_hd.o(.text)
    TIM5_IRQHandler                          0x0800031f   Thumb Code     0  startup_stm32f10x_hd.o(.text)
    TIM7_IRQHandler                          0x0800031f   Thumb Code     0  startup_stm32f10x_hd.o(.text)
    TIM8_BRK_IRQHandler                      0x0800031f   Thumb Code     0  startup_stm32f10x_hd.o(.text)
    TIM8_CC_IRQHandler                       0x0800031f   Thumb Code     0  startup_stm32f10x_hd.o(.text)
    TIM8_TRG_COM_IRQHandler                  0x0800031f   Thumb Code     0  startup_stm32f10x_hd.o(.text)
    TIM8_UP_IRQHandler                       0x0800031f   Thumb Code     0  startup_stm32f10x_hd.o(.text)
    UART4_IRQHandler                         0x0800031f   Thumb Code     0  startup_stm32f10x_hd.o(.text)
    UART5_IRQHandler                         0x0800031f   Thumb Code     0  startup_stm32f10x_hd.o(.text)
    USBWakeUp_IRQHandler                     0x0800031f   Thumb Code     0  startup_stm32f10x_hd.o(.text)
    WWDG_IRQHandler                          0x0800031f   Thumb Code     0  startup_stm32f10x_hd.o(.text)
    __user_initial_stackheap                 0x08000321   Thumb Code     0  startup_stm32f10x_hd.o(.text)
    NMI_Handler                              0x0800034b   Thumb Code     2  stm32f10x_it.o(.text)
    HardFault_Handler                        0x0800034d   Thumb Code     4  stm32f10x_it.o(.text)
    MemManage_Handler                        0x08000351   Thumb Code     4  stm32f10x_it.o(.text)
    BusFault_Handler                         0x08000355   Thumb Code     4  stm32f10x_it.o(.text)
    UsageFault_Handler                       0x08000359   Thumb Code     4  stm32f10x_it.o(.text)
    SVC_Handler                              0x0800035d   Thumb Code     2  stm32f10x_it.o(.text)
    DebugMon_Handler                         0x0800035f   Thumb Code     2  stm32f10x_it.o(.text)
    PendSV_Handler                           0x08000361   Thumb Code     2  stm32f10x_it.o(.text)
    SysTick_Handler                          0x08000363   Thumb Code     8  stm32f10x_it.o(.text)
    USB_HP_CAN1_TX_IRQHandler                0x0800036b   Thumb Code     2  stm32f10x_it.o(.text)
    USB_LP_CAN1_RX0_IRQHandler               0x0800036d   Thumb Code     2  stm32f10x_it.o(.text)
    EXTI4_IRQHandler                         0x0800036f   Thumb Code    94  stm32f10x_it.o(.text)
    SystemInit                               0x080004d7   Thumb Code    78  system_stm32f10x.o(.text)
    SystemCoreClockUpdate                    0x08000525   Thumb Code   142  system_stm32f10x.o(.text)
    USART_DeInit                             0x080005d9   Thumb Code   134  stm32f10x_usart.o(.text)
    USART_Init                               0x0800065f   Thumb Code   156  stm32f10x_usart.o(.text)
    USART_StructInit                         0x080006fb   Thumb Code    24  stm32f10x_usart.o(.text)
    USART_ClockInit                          0x08000713   Thumb Code    34  stm32f10x_usart.o(.text)
    USART_ClockStructInit                    0x08000735   Thumb Code    12  stm32f10x_usart.o(.text)
    USART_Cmd                                0x08000741   Thumb Code    24  stm32f10x_usart.o(.text)
    USART_ITConfig                           0x08000759   Thumb Code    74  stm32f10x_usart.o(.text)
    USART_DMACmd                             0x080007a3   Thumb Code    18  stm32f10x_usart.o(.text)
    USART_SetAddress                         0x080007b5   Thumb Code    18  stm32f10x_usart.o(.text)
    USART_WakeUpConfig                       0x080007c7   Thumb Code    18  stm32f10x_usart.o(.text)
    USART_ReceiverWakeUpCmd                  0x080007d9   Thumb Code    24  stm32f10x_usart.o(.text)
    USART_LINBreakDetectLengthConfig         0x080007f1   Thumb Code    18  stm32f10x_usart.o(.text)
    USART_LINCmd                             0x08000803   Thumb Code    24  stm32f10x_usart.o(.text)
    USART_SendData                           0x0800081b   Thumb Code     8  stm32f10x_usart.o(.text)
    USART_ReceiveData                        0x08000823   Thumb Code    10  stm32f10x_usart.o(.text)
    USART_SendBreak                          0x0800082d   Thumb Code    10  stm32f10x_usart.o(.text)
    USART_SetGuardTime                       0x08000837   Thumb Code    16  stm32f10x_usart.o(.text)
    USART_SetPrescaler                       0x08000847   Thumb Code    16  stm32f10x_usart.o(.text)
    USART_SmartCardCmd                       0x08000857   Thumb Code    24  stm32f10x_usart.o(.text)
    USART_SmartCardNACKCmd                   0x0800086f   Thumb Code    24  stm32f10x_usart.o(.text)
    USART_HalfDuplexCmd                      0x08000887   Thumb Code    24  stm32f10x_usart.o(.text)
    USART_IrDAConfig                         0x0800089f   Thumb Code    18  stm32f10x_usart.o(.text)
    USART_IrDACmd                            0x080008b1   Thumb Code    24  stm32f10x_usart.o(.text)
    USART_GetFlagStatus                      0x080008c9   Thumb Code    26  stm32f10x_usart.o(.text)
    USART_ClearFlag                          0x080008e3   Thumb Code    18  stm32f10x_usart.o(.text)
    USART_GetITStatus                        0x080008f5   Thumb Code    84  stm32f10x_usart.o(.text)
    USART_ClearITPendingBit                  0x08000949   Thumb Code    30  stm32f10x_usart.o(.text)
    NVIC_PriorityGroupConfig                 0x0800097d   Thumb Code    10  misc.o(.text)
    NVIC_Init                                0x08000987   Thumb Code   100  misc.o(.text)
    NVIC_SetVectorTable                      0x080009eb   Thumb Code    14  misc.o(.text)
    NVIC_SystemLPConfig                      0x080009f9   Thumb Code    34  misc.o(.text)
    SysTick_CLKSourceConfig                  0x08000a1b   Thumb Code    40  misc.o(.text)
    DMA_DeInit                               0x08000a59   Thumb Code   322  stm32f10x_dma.o(.text)
    DMA_Init                                 0x08000b9b   Thumb Code    60  stm32f10x_dma.o(.text)
    DMA_StructInit                           0x08000bd7   Thumb Code    26  stm32f10x_dma.o(.text)
    DMA_Cmd                                  0x08000bf1   Thumb Code    22  stm32f10x_dma.o(.text)
    DMA_ITConfig                             0x08000c07   Thumb Code    18  stm32f10x_dma.o(.text)
    DMA_GetCurrDataCounter                   0x08000c19   Thumb Code     8  stm32f10x_dma.o(.text)
    DMA_GetFlagStatus                        0x08000c21   Thumb Code    40  stm32f10x_dma.o(.text)
    DMA_ClearFlag                            0x08000c49   Thumb Code    22  stm32f10x_dma.o(.text)
    DMA_GetITStatus                          0x08000c5f   Thumb Code    40  stm32f10x_dma.o(.text)
    DMA_ClearITPendingBit                    0x08000c87   Thumb Code    22  stm32f10x_dma.o(.text)
    EXTI_DeInit                              0x08000ca5   Thumb Code    28  stm32f10x_exti.o(.text)
    EXTI_Init                                0x08000cc1   Thumb Code   142  stm32f10x_exti.o(.text)
    EXTI_StructInit                          0x08000d4f   Thumb Code    16  stm32f10x_exti.o(.text)
    EXTI_GenerateSWInterrupt                 0x08000d5f   Thumb Code    16  stm32f10x_exti.o(.text)
    EXTI_GetFlagStatus                       0x08000d6f   Thumb Code    22  stm32f10x_exti.o(.text)
    EXTI_ClearFlag                           0x08000d85   Thumb Code     8  stm32f10x_exti.o(.text)
    EXTI_GetITStatus                         0x08000d8d   Thumb Code    34  stm32f10x_exti.o(.text)
    EXTI_ClearITPendingBit                   0x08000daf   Thumb Code     8  stm32f10x_exti.o(.text)
    FLASH_SetLatency                         0x08000dc1   Thumb Code    18  stm32f10x_flash.o(.text)
    FLASH_HalfCycleAccessCmd                 0x08000dd3   Thumb Code    22  stm32f10x_flash.o(.text)
    FLASH_PrefetchBufferCmd                  0x08000de9   Thumb Code    22  stm32f10x_flash.o(.text)
    FLASH_Unlock                             0x08000dff   Thumb Code    12  stm32f10x_flash.o(.text)
    FLASH_Lock                               0x08000e0b   Thumb Code    14  stm32f10x_flash.o(.text)
    FLASH_GetStatus                          0x08000e19   Thumb Code    48  stm32f10x_flash.o(.text)
    FLASH_WaitForLastOperation               0x08000e63   Thumb Code    42  stm32f10x_flash.o(.text)
    FLASH_ErasePage                          0x08000e8d   Thumb Code    76  stm32f10x_flash.o(.text)
    FLASH_EraseAllPages                      0x08000ed9   Thumb Code    72  stm32f10x_flash.o(.text)
    FLASH_EraseOptionBytes                   0x08000f21   Thumb Code   142  stm32f10x_flash.o(.text)
    FLASH_ProgramWord                        0x08000faf   Thumb Code   110  stm32f10x_flash.o(.text)
    FLASH_ProgramHalfWord                    0x0800101d   Thumb Code    64  stm32f10x_flash.o(.text)
    FLASH_ProgramOptionByteData              0x0800105d   Thumb Code    72  stm32f10x_flash.o(.text)
    FLASH_EnableWriteProtection              0x080010a5   Thumb Code   182  stm32f10x_flash.o(.text)
    FLASH_ReadOutProtection                  0x0800115b   Thumb Code   172  stm32f10x_flash.o(.text)
    FLASH_UserOptionByteConfig               0x08001207   Thumb Code    92  stm32f10x_flash.o(.text)
    FLASH_GetUserOptionByte                  0x08001263   Thumb Code     8  stm32f10x_flash.o(.text)
    FLASH_GetWriteProtectionOptionByte       0x0800126b   Thumb Code     6  stm32f10x_flash.o(.text)
    FLASH_GetReadOutProtectionStatus         0x08001271   Thumb Code    20  stm32f10x_flash.o(.text)
    FLASH_GetPrefetchBufferStatus            0x08001285   Thumb Code    20  stm32f10x_flash.o(.text)
    FLASH_ITConfig                           0x08001299   Thumb Code    26  stm32f10x_flash.o(.text)
    FLASH_GetFlagStatus                      0x080012b3   Thumb Code    42  stm32f10x_flash.o(.text)
    FLASH_ClearFlag                          0x080012dd   Thumb Code     6  stm32f10x_flash.o(.text)
    GPIO_DeInit                              0x080012f5   Thumb Code   172  stm32f10x_gpio.o(.text)
    GPIO_AFIODeInit                          0x080013a1   Thumb Code    20  stm32f10x_gpio.o(.text)
    GPIO_Init                                0x080013b5   Thumb Code   278  stm32f10x_gpio.o(.text)
    GPIO_StructInit                          0x080014cb   Thumb Code    16  stm32f10x_gpio.o(.text)
    GPIO_ReadInputDataBit                    0x080014db   Thumb Code    18  stm32f10x_gpio.o(.text)
    GPIO_ReadInputData                       0x080014ed   Thumb Code     8  stm32f10x_gpio.o(.text)
    GPIO_ReadOutputDataBit                   0x080014f5   Thumb Code    18  stm32f10x_gpio.o(.text)
    GPIO_ReadOutputData                      0x08001507   Thumb Code     8  stm32f10x_gpio.o(.text)
    GPIO_SetBits                             0x0800150f   Thumb Code     4  stm32f10x_gpio.o(.text)
    GPIO_ResetBits                           0x08001513   Thumb Code     4  stm32f10x_gpio.o(.text)
    GPIO_WriteBit                            0x08001517   Thumb Code    10  stm32f10x_gpio.o(.text)
    GPIO_Write                               0x08001521   Thumb Code     4  stm32f10x_gpio.o(.text)
    GPIO_PinLockConfig                       0x08001525   Thumb Code    18  stm32f10x_gpio.o(.text)
    GPIO_EventOutputConfig                   0x08001537   Thumb Code    26  stm32f10x_gpio.o(.text)
    GPIO_EventOutputCmd                      0x08001551   Thumb Code     6  stm32f10x_gpio.o(.text)
    GPIO_PinRemapConfig                      0x08001557   Thumb Code   106  stm32f10x_gpio.o(.text)
    GPIO_EXTILineConfig                      0x080015c1   Thumb Code    66  stm32f10x_gpio.o(.text)
    GPIO_ETH_MediaInterfaceConfig            0x08001603   Thumb Code     8  stm32f10x_gpio.o(.text)
    RCC_DeInit                               0x08001631   Thumb Code    64  stm32f10x_rcc.o(.text)
    RCC_HSEConfig                            0x08001671   Thumb Code    70  stm32f10x_rcc.o(.text)
    RCC_GetFlagStatus                        0x080016b7   Thumb Code    56  stm32f10x_rcc.o(.text)
    RCC_WaitForHSEStartUp                    0x080016ef   Thumb Code    56  stm32f10x_rcc.o(.text)
    RCC_AdjustHSICalibrationValue            0x08001727   Thumb Code    20  stm32f10x_rcc.o(.text)
    RCC_HSICmd                               0x0800173b   Thumb Code     6  stm32f10x_rcc.o(.text)
    RCC_PLLConfig                            0x08001741   Thumb Code    24  stm32f10x_rcc.o(.text)
    RCC_PLLCmd                               0x08001759   Thumb Code     6  stm32f10x_rcc.o(.text)
    RCC_SYSCLKConfig                         0x0800175f   Thumb Code    18  stm32f10x_rcc.o(.text)
    RCC_GetSYSCLKSource                      0x08001771   Thumb Code    10  stm32f10x_rcc.o(.text)
    RCC_HCLKConfig                           0x0800177b   Thumb Code    18  stm32f10x_rcc.o(.text)
    RCC_PCLK1Config                          0x0800178d   Thumb Code    18  stm32f10x_rcc.o(.text)
    RCC_PCLK2Config                          0x0800179f   Thumb Code    20  stm32f10x_rcc.o(.text)
    RCC_ITConfig                             0x080017b3   Thumb Code    26  stm32f10x_rcc.o(.text)
    RCC_USBCLKConfig                         0x080017cd   Thumb Code     8  stm32f10x_rcc.o(.text)
    RCC_ADCCLKConfig                         0x080017d5   Thumb Code    18  stm32f10x_rcc.o(.text)
    RCC_LSEConfig                            0x080017e7   Thumb Code    50  stm32f10x_rcc.o(.text)
    RCC_LSICmd                               0x08001819   Thumb Code     6  stm32f10x_rcc.o(.text)
    RCC_RTCCLKConfig                         0x0800181f   Thumb Code    12  stm32f10x_rcc.o(.text)
    RCC_RTCCLKCmd                            0x0800182b   Thumb Code     8  stm32f10x_rcc.o(.text)
    RCC_GetClocksFreq                        0x08001833   Thumb Code   192  stm32f10x_rcc.o(.text)
    RCC_AHBPeriphClockCmd                    0x080018f3   Thumb Code    26  stm32f10x_rcc.o(.text)
    RCC_APB2PeriphClockCmd                   0x0800190d   Thumb Code    26  stm32f10x_rcc.o(.text)
    RCC_APB1PeriphClockCmd                   0x08001927   Thumb Code    26  stm32f10x_rcc.o(.text)
    RCC_APB2PeriphResetCmd                   0x08001941   Thumb Code    26  stm32f10x_rcc.o(.text)
    RCC_APB1PeriphResetCmd                   0x0800195b   Thumb Code    26  stm32f10x_rcc.o(.text)
    RCC_BackupResetCmd                       0x08001975   Thumb Code     8  stm32f10x_rcc.o(.text)
    RCC_ClockSecuritySystemCmd               0x0800197d   Thumb Code     6  stm32f10x_rcc.o(.text)
    RCC_MCOConfig                            0x08001983   Thumb Code     6  stm32f10x_rcc.o(.text)
    RCC_ClearFlag                            0x08001989   Thumb Code    14  stm32f10x_rcc.o(.text)
    RCC_GetITStatus                          0x08001997   Thumb Code    20  stm32f10x_rcc.o(.text)
    RCC_ClearITPendingBit                    0x080019ab   Thumb Code     6  stm32f10x_rcc.o(.text)
    SPI_I2S_DeInit                           0x080019d5   Thumb Code    76  stm32f10x_spi.o(.text)
    SPI_Init                                 0x08001a21   Thumb Code    60  stm32f10x_spi.o(.text)
    I2S_Init                                 0x08001a5d   Thumb Code   226  stm32f10x_spi.o(.text)
    SPI_StructInit                           0x08001b3f   Thumb Code    24  stm32f10x_spi.o(.text)
    I2S_StructInit                           0x08001b57   Thumb Code    20  stm32f10x_spi.o(.text)
    SPI_Cmd                                  0x08001b6b   Thumb Code    24  stm32f10x_spi.o(.text)
    I2S_Cmd                                  0x08001b83   Thumb Code    24  stm32f10x_spi.o(.text)
    SPI_I2S_ITConfig                         0x08001b9b   Thumb Code    32  stm32f10x_spi.o(.text)
    SPI_I2S_DMACmd                           0x08001bbb   Thumb Code    18  stm32f10x_spi.o(.text)
    SPI_I2S_SendData                         0x08001bcd   Thumb Code     4  stm32f10x_spi.o(.text)
    SPI_I2S_ReceiveData                      0x08001bd1   Thumb Code     6  stm32f10x_spi.o(.text)
    SPI_NSSInternalSoftwareConfig            0x08001bd7   Thumb Code    30  stm32f10x_spi.o(.text)
    SPI_SSOutputCmd                          0x08001bf5   Thumb Code    24  stm32f10x_spi.o(.text)
    SPI_DataSizeConfig                       0x08001c0d   Thumb Code    18  stm32f10x_spi.o(.text)
    SPI_TransmitCRC                          0x08001c1f   Thumb Code    10  stm32f10x_spi.o(.text)
    SPI_CalculateCRC                         0x08001c29   Thumb Code    24  stm32f10x_spi.o(.text)
    SPI_GetCRC                               0x08001c41   Thumb Code    16  stm32f10x_spi.o(.text)
    SPI_GetCRCPolynomial                     0x08001c51   Thumb Code     6  stm32f10x_spi.o(.text)
    SPI_BiDirectionalLineConfig              0x08001c57   Thumb Code    28  stm32f10x_spi.o(.text)
    SPI_I2S_GetFlagStatus                    0x08001c73   Thumb Code    18  stm32f10x_spi.o(.text)
    SPI_I2S_ClearFlag                        0x08001c85   Thumb Code     6  stm32f10x_spi.o(.text)
    SPI_I2S_GetITStatus                      0x08001c8b   Thumb Code    52  stm32f10x_spi.o(.text)
    SPI_I2S_ClearITPendingBit                0x08001cbf   Thumb Code    20  stm32f10x_spi.o(.text)
    Buzzer_Off                               0x08001ce7   Thumb Code    14  buzzer.o(.text)
    Buzzer_Init                              0x08001cf5   Thumb Code    44  buzzer.o(.text)
    Buzzer_On                                0x08001d21   Thumb Code    14  buzzer.o(.text)
    Console_Init                             0x08001d3b   Thumb Code    22  console.o(.text)
    Console_IRQHandler                       0x08001d51   Thumb Code   230  console.o(.text)
    Console_Print                            0x08001e37   Thumb Code    38  console.o(.text)
    Console_IsReceived                       0x08001e5d   Thumb Code    12  console.o(.text)
    Console_IsSent                           0x08001e69   Thumb Code    12  console.o(.text)
    Console_ResetRx                          0x08001e75   Thumb Code    26  console.o(.text)
    Console_ResetTx                          0x08001e8f   Thumb Code    26  console.o(.text)
    Console_ProcCmd                          0x08001ea9   Thumb Code     4  console.o(.text)
    GSPI_Init                                0x08001ec3   Thumb Code   344  gspi.o(.text)
    GSPI_WriteByte                           0x0800201b   Thumb Code   100  gspi.o(.text)
    GSPI_ReadByte                            0x0800207f   Thumb Code    60  gspi.o(.text)
    GSPI_WriteDMA                            0x080020bb   Thumb Code   184  gspi.o(.text)
    GSPI_ReadDMA                             0x08002173   Thumb Code   182  gspi.o(.text)
    GSPI_Write                               0x08002229   Thumb Code    20  gspi.o(.text)
    GSPI_Read                                0x0800223d   Thumb Code    20  gspi.o(.text)
    SPI2_ReadWriteByte                       0x08002251   Thumb Code    86  gspi.o(.text)
    SPI2_Init                                0x080022a7   Thumb Code   214  gspi.o(.text)
    SPI2_SetSpeed                            0x0800237d   Thumb Code    40  gspi.o(.text)
    Flash_UnLock                             0x080023b7   Thumb Code    10  flash.o(.text)
    Flash_Init                               0x080023c1   Thumb Code    10  flash.o(.text)
    Flash_Read                               0x080023cb   Thumb Code    28  flash.o(.text)
    Flash_Write                              0x080023e7   Thumb Code   852  flash.o(.text)
    LED_TurnOff                              0x08002797   Thumb Code    14  led.o(.text)
    LED_Init                                 0x080027a5   Thumb Code   174  led.o(.text)
    LED_TurnOn                               0x08002853   Thumb Code    14  led.o(.text)
    LED_Flash                                0x08002861   Thumb Code    34  led.o(.text)
    Relay_Init                               0x0800289b   Thumb Code    44  relay.o(.text)
    Relay_On                                 0x080028c7   Thumb Code    14  relay.o(.text)
    Relay_Off                                0x080028d5   Thumb Code    14  relay.o(.text)
    USART1_IRQHandler                        0x080028ef   Thumb Code    46  uart.o(.text)
    USART2_IRQHandler                        0x0800291d   Thumb Code     2  uart.o(.text)
    USART3_IRQHandler                        0x0800291f   Thumb Code     2  uart.o(.text)
    Uart_Init                                0x08002921   Thumb Code   374  uart.o(.text)
    Uart_SendByte                            0x08002a97   Thumb Code    30  uart.o(.text)
    Uart_SendBuffer                          0x08002ab5   Thumb Code    46  uart.o(.text)
    Uart_SendString                          0x08002ae3   Thumb Code    42  uart.o(.text)
    WiFiApi_CheckCurrentProfile              0x08002b4b   Thumb Code    78  wifiapiexport.o(.text)
    WiFiApi_CardSetEncryMode                 0x08002b99   Thumb Code   134  wifiapiexport.o(.text)
    WiFiApi_AdapterSetKey                    0x08002c1f   Thumb Code    92  wifiapiexport.o(.text)
    WiFiApi_DoConnect                        0x08002c7b   Thumb Code   204  wifiapiexport.o(.text)
    WiFiApi_ProcessAssoc                     0x08002d47   Thumb Code    88  wifiapiexport.o(.text)
    _ParseLine                               0x08002e5b   Thumb Code    90  wificommand.o(.text)
    _DoSetCmd                                0x08002eb5   Thumb Code   500  wificommand.o(.text)
    _DoGetCmd                                0x080030a9   Thumb Code   858  wificommand.o(.text)
    _DoCtrlCmd                               0x08003403   Thumb Code    54  wificommand.o(.text)
    WiFiCmd_RunCommand                       0x08003439   Thumb Code   174  wificommand.o(.text)
    If_WriteRegister                         0x0800357f   Thumb Code    16  wifi_if.o(.text)
    If_ReadRegister                          0x0800358f   Thumb Code    18  wifi_if.o(.text)
    If_OnIoIntr                              0x080035a1   Thumb Code   144  wifi_if.o(.text)
    If_Deinit                                0x08003631   Thumb Code    32  wifi_if.o(.text)
    If_Init                                  0x08003651   Thumb Code    30  wifi_if.o(.text)
    If_HostIntrEnable                        0x0800366f   Thumb Code    34  wifi_if.o(.text)
    If_IsFirmwareLoaded                      0x08003691   Thumb Code    34  wifi_if.o(.text)
    If_WriteRegister2                        0x080036b3   Thumb Code    20  wifi_if.o(.text)
    If_WaitforHostIntr                       0x080036c7   Thumb Code    64  wifi_if.o(.text)
    If_WlanImageProg                         0x08003707   Thumb Code   216  wifi_if.o(.text)
    If_FirmwareImageProg                     0x080037df   Thumb Code   110  wifi_if.o(.text)
    If_HostIntrDisable                       0x0800384d   Thumb Code    12  wifi_if.o(.text)
    If_FirmwareDownload                      0x08003859   Thumb Code   138  wifi_if.o(.text)
    If_StartDevice                           0x080038e3   Thumb Code    84  wifi_if.o(.text)
    If_ReadRegister2                         0x08003937   Thumb Code    20  wifi_if.o(.text)
    If_ExitDeepSleep                         0x0800394b   Thumb Code    22  wifi_if.o(.text)
    If_ResetDeepSleep                        0x08003961   Thumb Code    12  wifi_if.o(.text)
    NOP_Process                              0x0800396d   Thumb Code     2  wifi_if.o(.text)
    Hw_DmaInit                               0x08003b6f   Thumb Code    12  wifi_hw.o(.text)
    Hw_CloseInterrupts                       0x08003b7b   Thumb Code    24  wifi_hw.o(.text)
    Hw_IntrInit                              0x08003b93   Thumb Code   146  wifi_hw.o(.text)
    Hw_Init                                  0x08003c25   Thumb Code   104  wifi_hw.o(.text)
    Hw_Deinit                                0x08003c8d   Thumb Code    12  wifi_hw.o(.text)
    Hw_ReadRegister                          0x08003c99   Thumb Code   148  wifi_hw.o(.text)
    Hw_WriteRegister                         0x08003d2d   Thumb Code   136  wifi_hw.o(.text)
    Hw_Reset                                 0x08003db5   Thumb Code    50  wifi_hw.o(.text)
    Hw_PowerOn                               0x08003de7   Thumb Code   152  wifi_hw.o(.text)
    Hw_PowerOff                              0x08003e7f   Thumb Code    10  wifi_hw.o(.text)
    Hw_OpenInterrupts                        0x08003e89   Thumb Code    24  wifi_hw.o(.text)
    WlanAdapter_MacAddr                      0x08003fd3   Thumb Code    34  wlanadapter.o(.text)
    WlanAdapter_SendPkt                      0x08003ff5   Thumb Code    20  wlanadapter.o(.text)
    WlanAdapter_RcvePkt                      0x08004009   Thumb Code    20  wlanadapter.o(.text)
    CmdOnCmdUpLdRdy                          0x080047ef   Thumb Code   134  wlancmd.o(.text)
    CmdSsidScan                              0x08004875   Thumb Code   106  wlancmd.o(.text)
    CmdAssociateExt                          0x080048df   Thumb Code   764  wlancmd.o(.text)
    CmdSetWepKey                             0x08004bdb   Thumb Code    58  wlancmd.o(.text)
    CmdDeauthenticate                        0x08004c15   Thumb Code    92  wlancmd.o(.text)
    CmdMacAddress                            0x08004c71   Thumb Code   160  wlancmd.o(.text)
    CmdGSpiBusCfg                            0x08004d11   Thumb Code   146  wlancmd.o(.text)
    CmdSubscribeEvent                        0x08004da3   Thumb Code   240  wlancmd.o(.text)
    CmdMacControl                            0x08004e93   Thumb Code   322  wlancmd.o(.text)
    CmdListScan                              0x08004fd5   Thumb Code     6  wlancmd.o(.text)
    CmdBssidScan                             0x08004fdb   Thumb Code     6  wlancmd.o(.text)
    CmdAdHocStart                            0x08004fe1   Thumb Code   478  wlancmd.o(.text)
    CmdAdHocStop                             0x080051bf   Thumb Code    68  wlancmd.o(.text)
    CmdSetTxPowerLevel                       0x08005203   Thumb Code   228  wlancmd.o(.text)
    InitAdapterObject                        0x080052f3   Thumb Code    14  wlaninit.o(.text)
    Wlan_Init                                0x08005301   Thumb Code    66  wlaninit.o(.text)
    WlanMisc_ASCII2WEPKey                    0x0800538b   Thumb Code   182  wlanmisc.o(.text)
    WlanMisc_String2Ip                       0x08005441   Thumb Code   156  wlanmisc.o(.text)
    WlanMisc_String2Mac                      0x080054dd   Thumb Code   220  wlanmisc.o(.text)
    WlanPkt_RcvePkt                          0x080055df   Thumb Code   294  wlanpkt.o(.text)
    WlanPkt_SendPkt                          0x08005705   Thumb Code   174  wlanpkt.o(.text)
    WlanPkt_OnPktSend                        0x080057b3   Thumb Code     2  wlanpkt.o(.text)
    WlanPkt_OnPktRcve                        0x080057b5   Thumb Code    34  wlanpkt.o(.text)
    uip_setipid                              0x080058f9   Thumb Code     6  uip.o(.text)
    uip_add32                                0x080058ff   Thumb Code   106  uip.o(.text)
    htons                                    0x080059af   Thumb Code    12  uip.o(.text)
    uip_chksum                               0x080059bb   Thumb Code    24  uip.o(.text)
    uip_ipchksum                             0x080059d3   Thumb Code    30  uip.o(.text)
    uip_tcpchksum                            0x08005a35   Thumb Code    10  uip.o(.text)
    uip_init                                 0x08005a3f   Thumb Code   136  uip.o(.text)
    uip_connect                              0x08005ac7   Thumb Code   254  uip.o(.text)
    uip_udp_new                              0x08005bc5   Thumb Code   204  uip.o(.text)
    uip_unlisten                             0x08005c91   Thumb Code    58  uip.o(.text)
    uip_listen                               0x08005ccb   Thumb Code    92  uip.o(.text)
    uip_process                              0x08005d61   Thumb Code  3898  uip.o(.text)
    uip_send                                 0x08006c9b   Thumb Code    38  uip.o(.text)
    uip_arp_init                             0x08006ce1   Thumb Code    46  uip_arp.o(.text)
    uip_arp_timer                            0x08006d0f   Thumb Code    76  uip_arp.o(.text)
    uip_arp_arpin                            0x08006e6b   Thumb Code   216  uip_arp.o(.text)
    uip_arp_out                              0x08006f43   Thumb Code   366  uip_arp.o(.text)
    tapdev_read                              0x080070f3   Thumb Code    20  tapdev.o(.text)
    tapdev_send                              0x08007107   Thumb Code    18  tapdev.o(.text)
    UipSend                                  0x0800712b   Thumb Code    36  uip_app.o(.text)
    UipPro                                   0x0800714f   Thumb Code   142  uip_app.o(.text)
    uIP_Net_Init                             0x080071dd   Thumb Code   276  uip_app.o(.text)
    main                                     0x0800733b   Thumb Code   220  main.o(.text)
    SysClockConfiguration                    0x08007523   Thumb Code    94  sysclock.o(.text)
    SysClockInit                             0x08007581   Thumb Code    28  sysclock.o(.text)
    SysTickCallBack                          0x0800759d   Thumb Code   102  sysclock.o(.text)
    Sleep                                    0x08007603   Thumb Code    16  sysclock.o(.text)
    SysGetTime                               0x08007613   Thumb Code    16  sysclock.o(.text)
    TIM_DeInit                               0x08007699   Thumb Code   214  stm32f10x_tim.o(.text)
    TIM_TimeBaseInit                         0x0800776f   Thumb Code    50  stm32f10x_tim.o(.text)
    TIM_OC1Init                              0x080077a1   Thumb Code   110  stm32f10x_tim.o(.text)
    TIM_OC2Init                              0x0800780f   Thumb Code   148  stm32f10x_tim.o(.text)
    TIM_OC3Init                              0x080078a3   Thumb Code   144  stm32f10x_tim.o(.text)
    TIM_OC4Init                              0x08007933   Thumb Code   106  stm32f10x_tim.o(.text)
    TIM_SetIC4Prescaler                      0x0800799d   Thumb Code    26  stm32f10x_tim.o(.text)
    TIM_SetIC3Prescaler                      0x08007a09   Thumb Code    18  stm32f10x_tim.o(.text)
    TIM_SetIC2Prescaler                      0x08007a63   Thumb Code    42  stm32f10x_tim.o(.text)
    TIM_SetIC1Prescaler                      0x08007add   Thumb Code    18  stm32f10x_tim.o(.text)
    TIM_ICInit                               0x08007b27   Thumb Code   110  stm32f10x_tim.o(.text)
    TIM_PWMIConfig                           0x08007b95   Thumb Code   124  stm32f10x_tim.o(.text)
    TIM_BDTRConfig                           0x08007c11   Thumb Code    32  stm32f10x_tim.o(.text)
    TIM_TimeBaseStructInit                   0x08007c31   Thumb Code    18  stm32f10x_tim.o(.text)
    TIM_OCStructInit                         0x08007c43   Thumb Code    20  stm32f10x_tim.o(.text)
    TIM_ICStructInit                         0x08007c57   Thumb Code    18  stm32f10x_tim.o(.text)
    TIM_BDTRStructInit                       0x08007c69   Thumb Code    18  stm32f10x_tim.o(.text)
    TIM_Cmd                                  0x08007c7b   Thumb Code    24  stm32f10x_tim.o(.text)
    TIM_CtrlPWMOutputs                       0x08007c93   Thumb Code    30  stm32f10x_tim.o(.text)
    TIM_ITConfig                             0x08007cb1   Thumb Code    18  stm32f10x_tim.o(.text)
    TIM_GenerateEvent                        0x08007cc3   Thumb Code     4  stm32f10x_tim.o(.text)
    TIM_DMAConfig                            0x08007cc7   Thumb Code    10  stm32f10x_tim.o(.text)
    TIM_DMACmd                               0x08007cd1   Thumb Code    18  stm32f10x_tim.o(.text)
    TIM_InternalClockConfig                  0x08007ce3   Thumb Code    12  stm32f10x_tim.o(.text)
    TIM_SelectInputTrigger                   0x08007cef   Thumb Code    18  stm32f10x_tim.o(.text)
    TIM_ITRxExternalClockConfig              0x08007d01   Thumb Code    24  stm32f10x_tim.o(.text)
    TIM_TIxExternalClockConfig               0x08007d19   Thumb Code    62  stm32f10x_tim.o(.text)
    TIM_ETRConfig                            0x08007d57   Thumb Code    30  stm32f10x_tim.o(.text)
    TIM_ETRClockMode1Config                  0x08007d75   Thumb Code    54  stm32f10x_tim.o(.text)
    TIM_ETRClockMode2Config                  0x08007dab   Thumb Code    32  stm32f10x_tim.o(.text)
    TIM_PrescalerConfig                      0x08007dcb   Thumb Code     6  stm32f10x_tim.o(.text)
    TIM_CounterModeConfig                    0x08007dd1   Thumb Code    18  stm32f10x_tim.o(.text)
    TIM_EncoderInterfaceConfig               0x08007de3   Thumb Code    66  stm32f10x_tim.o(.text)
    TIM_ForcedOC1Config                      0x08007e25   Thumb Code    18  stm32f10x_tim.o(.text)
    TIM_ForcedOC2Config                      0x08007e37   Thumb Code    26  stm32f10x_tim.o(.text)
    TIM_ForcedOC3Config                      0x08007e51   Thumb Code    18  stm32f10x_tim.o(.text)
    TIM_ForcedOC4Config                      0x08007e63   Thumb Code    26  stm32f10x_tim.o(.text)
    TIM_ARRPreloadConfig                     0x08007e7d   Thumb Code    24  stm32f10x_tim.o(.text)
    TIM_SelectCOM                            0x08007e95   Thumb Code    24  stm32f10x_tim.o(.text)
    TIM_SelectCCDMA                          0x08007ead   Thumb Code    24  stm32f10x_tim.o(.text)
    TIM_CCPreloadControl                     0x08007ec5   Thumb Code    24  stm32f10x_tim.o(.text)
    TIM_OC1PreloadConfig                     0x08007edd   Thumb Code    18  stm32f10x_tim.o(.text)
    TIM_OC2PreloadConfig                     0x08007eef   Thumb Code    26  stm32f10x_tim.o(.text)
    TIM_OC3PreloadConfig                     0x08007f09   Thumb Code    18  stm32f10x_tim.o(.text)
    TIM_OC4PreloadConfig                     0x08007f1b   Thumb Code    26  stm32f10x_tim.o(.text)
    TIM_OC1FastConfig                        0x08007f35   Thumb Code    18  stm32f10x_tim.o(.text)
    TIM_OC2FastConfig                        0x08007f47   Thumb Code    26  stm32f10x_tim.o(.text)
    TIM_OC3FastConfig                        0x08007f61   Thumb Code    18  stm32f10x_tim.o(.text)
    TIM_OC4FastConfig                        0x08007f73   Thumb Code    26  stm32f10x_tim.o(.text)
    TIM_ClearOC1Ref                          0x08007f8d   Thumb Code    18  stm32f10x_tim.o(.text)
    TIM_ClearOC2Ref                          0x08007f9f   Thumb Code    24  stm32f10x_tim.o(.text)
    TIM_ClearOC3Ref                          0x08007fb7   Thumb Code    18  stm32f10x_tim.o(.text)
    TIM_ClearOC4Ref                          0x08007fc9   Thumb Code    24  stm32f10x_tim.o(.text)
    TIM_OC1PolarityConfig                    0x08007fe1   Thumb Code    18  stm32f10x_tim.o(.text)
    TIM_OC1NPolarityConfig                   0x08007ff3   Thumb Code    18  stm32f10x_tim.o(.text)
    TIM_OC2PolarityConfig                    0x08008005   Thumb Code    26  stm32f10x_tim.o(.text)
    TIM_OC2NPolarityConfig                   0x0800801f   Thumb Code    26  stm32f10x_tim.o(.text)
    TIM_OC3PolarityConfig                    0x08008039   Thumb Code    26  stm32f10x_tim.o(.text)
    TIM_OC3NPolarityConfig                   0x08008053   Thumb Code    26  stm32f10x_tim.o(.text)
    TIM_OC4PolarityConfig                    0x0800806d   Thumb Code    26  stm32f10x_tim.o(.text)
    TIM_CCxCmd                               0x08008087   Thumb Code    26  stm32f10x_tim.o(.text)
    TIM_CCxNCmd                              0x080080a1   Thumb Code    26  stm32f10x_tim.o(.text)
    TIM_SelectOCxM                           0x080080bb   Thumb Code   134  stm32f10x_tim.o(.text)
    TIM_UpdateDisableConfig                  0x08008141   Thumb Code    24  stm32f10x_tim.o(.text)
    TIM_UpdateRequestConfig                  0x08008159   Thumb Code    24  stm32f10x_tim.o(.text)
    TIM_SelectHallSensor                     0x08008171   Thumb Code    24  stm32f10x_tim.o(.text)
    TIM_SelectOnePulseMode                   0x08008189   Thumb Code    18  stm32f10x_tim.o(.text)
    TIM_SelectOutputTrigger                  0x0800819b   Thumb Code    18  stm32f10x_tim.o(.text)
    TIM_SelectSlaveMode                      0x080081ad   Thumb Code    18  stm32f10x_tim.o(.text)
    TIM_SelectMasterSlaveMode                0x080081bf   Thumb Code    18  stm32f10x_tim.o(.text)
    TIM_SetCounter                           0x080081d1   Thumb Code     4  stm32f10x_tim.o(.text)
    TIM_SetAutoreload                        0x080081d5   Thumb Code     4  stm32f10x_tim.o(.text)
    TIM_SetCompare1                          0x080081d9   Thumb Code     4  stm32f10x_tim.o(.text)
    TIM_SetCompare2                          0x080081dd   Thumb Code     4  stm32f10x_tim.o(.text)
    TIM_SetCompare3                          0x080081e1   Thumb Code     4  stm32f10x_tim.o(.text)
    TIM_SetCompare4                          0x080081e5   Thumb Code     6  stm32f10x_tim.o(.text)
    TIM_SetClockDivision                     0x080081eb   Thumb Code    14  stm32f10x_tim.o(.text)
    TIM_GetCapture1                          0x080081f9   Thumb Code     6  stm32f10x_tim.o(.text)
    TIM_GetCapture2                          0x080081ff   Thumb Code     6  stm32f10x_tim.o(.text)
    TIM_GetCapture3                          0x08008205   Thumb Code     6  stm32f10x_tim.o(.text)
    TIM_GetCapture4                          0x0800820b   Thumb Code     8  stm32f10x_tim.o(.text)
    TIM_GetCounter                           0x08008213   Thumb Code     6  stm32f10x_tim.o(.text)
    TIM_GetPrescaler                         0x08008219   Thumb Code     6  stm32f10x_tim.o(.text)
    TIM_GetFlagStatus                        0x0800821f   Thumb Code    18  stm32f10x_tim.o(.text)
    TIM_ClearFlag                            0x08008231   Thumb Code     6  stm32f10x_tim.o(.text)
    TIM_GetITStatus                          0x08008237   Thumb Code    34  stm32f10x_tim.o(.text)
    TIM_ClearITPendingBit                    0x08008259   Thumb Code     6  stm32f10x_tim.o(.text)
    TIM6_IRQHandler                          0x08008267   Thumb Code    62  timerx.o(.text)
    TIM6_Int_Init                            0x080082a5   Thumb Code    94  timerx.o(.text)
    udp_client_demo_appcall                  0x0800831b   Thumb Code   192  tcp_client_demo.o(.text)
    tcp_client_reconnect                     0x080083db   Thumb Code    42  tcp_client_demo.o(.text)
    tcp_client_aborted                       0x08008405   Thumb Code    26  tcp_client_demo.o(.text)
    tcp_client_timedout                      0x0800841f   Thumb Code    22  tcp_client_demo.o(.text)
    tcp_client_closed                        0x08008435   Thumb Code    26  tcp_client_demo.o(.text)
    tcp_client_connected                     0x0800844f   Thumb Code    22  tcp_client_demo.o(.text)
    tcp_client_acked                         0x08008465   Thumb Code    22  tcp_client_demo.o(.text)
    tcp_client_senddata                      0x0800847b   Thumb Code    26  tcp_client_demo.o(.text)
    tcp_client_send                          0x08008495   Thumb Code    26  tcp_client_demo.o(.text)
    tcp_demo_appcall                         0x08008539   Thumb Code    52  tcp_demo.o(.text)
    uip_log                                  0x0800856d   Thumb Code     2  tcp_demo.o(.text)
    delay                                    0x0800857b   Thumb Code    26  ad.o(.text)
    AD7176_init                              0x08008595   Thumb Code   330  ad.o(.text)
    AD7176_fast                              0x080086df   Thumb Code   340  ad.o(.text)
    max9939_init                             0x08008833   Thumb Code    24  ad.o(.text)
    malloc                                   0x08008881   Thumb Code    94  h1_alloc.o(.text)
    free                                     0x080088df   Thumb Code    78  h1_free.o(.text)
    __c89vsprintf                            0x0800892d   Thumb Code    32  c89vsprintf.o(.text)
    __2sprintf                               0x08008951   Thumb Code    38  __2sprintf.o(.text)
    _printf_pre_padding                      0x0800897d   Thumb Code    44  _printf_pad.o(.text)
    _printf_post_padding                     0x080089a9   Thumb Code    34  _printf_pad.o(.text)
    _printf_int_dec                          0x080089cd   Thumb Code   104  _printf_dec.o(.text)
    _printf_longlong_hex                     0x08008a45   Thumb Code    86  _printf_hex_int_ll_ptr.o(.text)
    _printf_int_hex                          0x08008a9b   Thumb Code    28  _printf_hex_int_ll_ptr.o(.text)
    _printf_ll_hex                           0x08008ab7   Thumb Code    12  _printf_hex_int_ll_ptr.o(.text)
    _printf_hex_ptr                          0x08008ac3   Thumb Code    18  _printf_hex_int_ll_ptr.o(.text)
    __printf                                 0x08008ad9   Thumb Code   388  __printf_flags_ss_wp.o(.text)
    atoi                                     0x08008c61   Thumb Code    26  atoi.o(.text)
    strcpy                                   0x08008c7b   Thumb Code    72  strcpy.o(.text)
    strlen                                   0x08008cc3   Thumb Code    62  strlen.o(.text)
    __aeabi_memcpy                           0x08008d01   Thumb Code     0  rt_memcpy_v6.o(.text)
    __rt_memcpy                              0x08008d01   Thumb Code   138  rt_memcpy_v6.o(.text)
    _memcpy_lastbytes                        0x08008d67   Thumb Code     0  rt_memcpy_v6.o(.text)
    __aeabi_memcpy4                          0x08008d8b   Thumb Code     0  rt_memcpy_w.o(.text)
    __aeabi_memcpy8                          0x08008d8b   Thumb Code     0  rt_memcpy_w.o(.text)
    __rt_memcpy_w                            0x08008d8b   Thumb Code   100  rt_memcpy_w.o(.text)
    _memcpy_lastbytes_aligned                0x08008dd3   Thumb Code     0  rt_memcpy_w.o(.text)
    __aeabi_memset                           0x08008def   Thumb Code    16  aeabi_memset.o(.text)
    __aeabi_memclr                           0x08008dff   Thumb Code     0  rt_memclr.o(.text)
    __rt_memclr                              0x08008dff   Thumb Code    68  rt_memclr.o(.text)
    _memset                                  0x08008e03   Thumb Code     0  rt_memclr.o(.text)
    __aeabi_memclr4                          0x08008e43   Thumb Code     0  rt_memclr_w.o(.text)
    __aeabi_memclr8                          0x08008e43   Thumb Code     0  rt_memclr_w.o(.text)
    __rt_memclr_w                            0x08008e43   Thumb Code    78  rt_memclr_w.o(.text)
    _memset_w                                0x08008e47   Thumb Code     0  rt_memclr_w.o(.text)
    strcmp                                   0x08008e91   Thumb Code   128  strcmpv7m.o(.text)
    __use_two_region_memory                  0x08008f11   Thumb Code     2  heapauxi.o(.text)
    __rt_heap_escrow                         0x08008f13   Thumb Code     2  heapauxi.o(.text)
    __rt_heap_expand                         0x08008f15   Thumb Code     2  heapauxi.o(.text)
    __rt_heap_descriptor                     0x08008f19   Thumb Code     8  rt_heap_descriptor_intlibspace.o(.text)
    __aeabi_errno_addr                       0x08008f21   Thumb Code     8  rt_errno_addr_intlibspace.o(.text)
    __errno$intlibspace                      0x08008f21   Thumb Code     0  rt_errno_addr_intlibspace.o(.text)
    __rt_errno_addr$intlibspace              0x08008f21   Thumb Code     0  rt_errno_addr_intlibspace.o(.text)
    __use_no_heap                            0x08008f29   Thumb Code     2  hguard.o(.text)
    __heap$guard                             0x08008f2b   Thumb Code     2  hguard.o(.text)
    _terminate_user_alloc                    0x08008f2d   Thumb Code     2  init_alloc.o(.text)
    _init_user_alloc                         0x08008f2f   Thumb Code     2  init_alloc.o(.text)
    __Heap_Full                              0x08008f31   Thumb Code    34  init_alloc.o(.text)
    __Heap_Broken                            0x08008f53   Thumb Code     6  init_alloc.o(.text)
    _init_alloc                              0x08008f59   Thumb Code    94  init_alloc.o(.text)
    __Heap_Initialize                        0x08008fb7   Thumb Code    10  h1_init.o(.text)
    __Heap_DescSize                          0x08008fc1   Thumb Code     4  h1_init.o(.text)
    _printf_truncate_signed                  0x08008fc5   Thumb Code    18  _printf_truncate.o(.text)
    _printf_truncate_unsigned                0x08008fd7   Thumb Code    18  _printf_truncate.o(.text)
    _printf_str                              0x08008fe9   Thumb Code    82  _printf_str.o(.text)
    _printf_int_common                       0x0800903b   Thumb Code   178  _printf_intcommon.o(.text)
    _printf_charcount                        0x080090ed   Thumb Code    40  _printf_charcount.o(.text)
    _printf_char_common                      0x0800911f   Thumb Code    32  _printf_char_common.o(.text)
    _sputc                                   0x08009145   Thumb Code    10  _sputc.o(.text)
    _printf_wctomb                           0x08009151   Thumb Code   182  _printf_wctomb.o(.text)
    _printf_longlong_dec                     0x0800920d   Thumb Code   108  _printf_longlong_dec.o(.text)
    _printf_longlong_oct                     0x08009289   Thumb Code    68  _printf_oct_int_ll.o(.text)
    _printf_int_oct                          0x080092cd   Thumb Code    24  _printf_oct_int_ll.o(.text)
    _printf_ll_oct                           0x080092e5   Thumb Code    12  _printf_oct_int_ll.o(.text)
    strtol                                   0x080092f9   Thumb Code   112  strtol.o(.text)
    __user_libspace                          0x08009369   Thumb Code     8  libspace.o(.text)
    __user_perproc_libspace                  0x08009369   Thumb Code     0  libspace.o(.text)
    __user_perthread_libspace                0x08009369   Thumb Code     0  libspace.o(.text)
    __rt_ctype_table                         0x08009371   Thumb Code    16  rt_ctype_table.o(.text)
    __Heap_ProvideMemory                     0x08009381   Thumb Code    52  h1_extend.o(.text)
    _ll_udiv10                               0x080093b5   Thumb Code   138  lludiv10.o(.text)
    __lib_sel_fp_printf                      0x0800943f   Thumb Code     2  _printf_fp_dec.o(.text)
    _printf_fp_dec_real                      0x080095ed   Thumb Code   620  _printf_fp_dec.o(.text)
    _printf_cs_common                        0x08009859   Thumb Code    20  _printf_char.o(.text)
    _printf_char                             0x0800986d   Thumb Code    16  _printf_char.o(.text)
    _printf_string                           0x0800987d   Thumb Code     8  _printf_char.o(.text)
    _printf_lcs_common                       0x08009885   Thumb Code    20  _printf_wchar.o(.text)
    _printf_wchar                            0x08009899   Thumb Code    16  _printf_wchar.o(.text)
    _printf_wstring                          0x080098a9   Thumb Code     8  _printf_wchar.o(.text)
    _strtoul                                 0x080098b1   Thumb Code   158  _strtoul.o(.text)
    _wcrtomb                                 0x0800994f   Thumb Code    64  _wcrtomb.o(.text)
    __rt_SIGRTMEM                            0x0800998f   Thumb Code    14  defsig_rtmem_outer.o(.text)
    __I$use$semihosting                      0x0800999d   Thumb Code     0  use_no_semi.o(.text)
    __use_no_semihosting_swi                 0x0800999d   Thumb Code     2  use_no_semi.o(.text)
    __semihosting_library_function           0x0800999f   Thumb Code     0  indicate_semi.o(.text)
    __user_setup_stackheap                   0x0800999f   Thumb Code    74  sys_stackheap_outer.o(.text)
    __rt_locale                              0x080099e9   Thumb Code     8  rt_locale_intlibspace.o(.text)
    _printf_fp_infnan                        0x080099f1   Thumb Code   112  _printf_fp_infnan.o(.text)
    _chval                                   0x08009a71   Thumb Code    28  _chval.o(.text)
    _btod_etento                             0x08009a8d   Thumb Code   216  bigflt0.o(.text)
    exit                                     0x08009b69   Thumb Code    18  exit.o(.text)
    __sig_exit                               0x08009b7b   Thumb Code    10  defsig_exit.o(.text)
    __rt_SIGRTMEM_inner                      0x08009b85   Thumb Code    22  defsig_rtmem_inner.o(.text)
    _sys_exit                                0x08009bd5   Thumb Code     8  sys_exit.o(.text)
    __default_signal_display                 0x08009be1   Thumb Code    50  defsig_general.o(.text)
    _ttywrch                                 0x08009c13   Thumb Code    14  sys_wrch.o(.text)
    _btod_d2e                                0x08009c21   Thumb Code    62  btod.o(CL$$btod_d2e)
    _d2e_denorm_low                          0x08009c5f   Thumb Code    70  btod.o(CL$$btod_d2e_denorm_low)
    _d2e_norm_op1                            0x08009ca5   Thumb Code    96  btod.o(CL$$btod_d2e_norm_op1)
    __btod_div_common                        0x08009d05   Thumb Code   696  btod.o(CL$$btod_div_common)
    _e2e                                     0x0800a03d   Thumb Code   198  btod.o(CL$$btod_e2e)
    _btod_ediv                               0x0800a103   Thumb Code    40  btod.o(CL$$btod_ediv)
    _btod_emul                               0x0800a12b   Thumb Code    40  btod.o(CL$$btod_emul)
    __btod_mult_common                       0x0800a153   Thumb Code   580  btod.o(CL$$btod_mult_common)
    __ARM_fpclassify                         0x0800a397   Thumb Code    40  fpclassify.o(i.__ARM_fpclassify)
    _is_digit                                0x0800a3bf   Thumb Code    14  __printf_wp.o(i._is_digit)
    _get_lc_ctype                            0x0800a3cd   Thumb Code    44  lc_ctype_c.o(locale$$code)
    _get_lc_numeric                          0x0800a3f9   Thumb Code    44  lc_numeric_c.o(locale$$code)
    _printf_fp_dec                           0x0800a425   Thumb Code     4  printf1.o(x$fpl$printf1)
    __I$use$fp                               0x0800a428   Number         0  usenofp.o(x$fpl$usenofp)
    uart                                     0x0800a428   Data          24  console.o(.constdata)
    Spi                                      0x0800a440   Data          20  wifi_hw.o(.constdata)
    Region$$Table$$Base                      0x0800a5f0   Number         0  anon$$obj.o(Region$$Table)
    Region$$Table$$Limit                     0x0800a610   Number         0  anon$$obj.o(Region$$Table)
    __ctype                                  0x0800a61d   Data           0  lc_ctype_c.o(locale$$data)
    HSEStartUpStatus                         0x20000000   Data           1  hw_config.o(.data)
    SystemCoreClock                          0x20000004   Data           4  system_stm32f10x.o(.data)
    AHBPrescTable                            0x20000008   Data          16  system_stm32f10x.o(.data)
    ucSpiDummyClk                            0x20000038   Data           1  wifi_if.o(.data)
    pWlanInterruptCallback                   0x2000003c   Data           4  wifi_if.o(.data)
    g_pWlanAdapter                           0x20000040   Data           4  wlanadapter.o(.data)
    uip_hostaddr                             0x20000044   Data           4  uip.o(.data)
    uip_draddr                               0x20000048   Data           4  uip.o(.data)
    uip_netmask                              0x2000004c   Data           4  uip.o(.data)
    uip_ethaddr                              0x20000050   Data           6  uip.o(.data)
    uip_appdata                              0x20000058   Data           4  uip.o(.data)
    uip_sappdata                             0x2000005c   Data           4  uip.o(.data)
    uip_len                                  0x20000060   Data           2  uip.o(.data)
    uip_slen                                 0x20000062   Data           2  uip.o(.data)
    uip_flags                                0x20000064   Data           1  uip.o(.data)
    uip_conn                                 0x20000068   Data           4  uip.o(.data)
    uip_udp_conn                             0x2000006c   Data           4  uip.o(.data)
    uip_acc32                                0x20000078   Data           4  uip.o(.data)
    test                                     0x20000080   Data           4  uip.o(.data)
    zan1                                     0x2000008c   Data           1  uip_app.o(.data)
    data_per_pack                            0x200000a4   Data           4  main.o(.data)
    time_per_data                            0x200000a8   Data           4  main.o(.data)
    Uoltage_fast                             0x200000ac   Data           4  main.o(.data)
    Uoltage_slow                             0x200000b0   Data           4  main.o(.data)
    chang_value_fast                         0x200000b4   Data           4  main.o(.data)
    chang_value_slow                         0x200000b8   Data           4  main.o(.data)
    counter                                  0x200000bc   Data           1  main.o(.data)
    zan                                      0x200000bd   Data           1  main.o(.data)
    IT_flag                                  0x200000be   Data           1  main.o(.data)
    TIM_flag                                 0x200000bf   Data           1  main.o(.data)
    IT_send                                  0x200000c0   Data           1  main.o(.data)
    ad_flag                                  0x200000c1   Data           1  main.o(.data)
    data_send                                0x200000c2   Data           1  main.o(.data)
    buf_flag                                 0x200000c4   Data           4  main.o(.data)
    mode                                     0x200000c8   Data           1  main.o(.data)
    num_send                                 0x200000c9   Data           1  main.o(.data)
    num_save                                 0x200000ca   Data           1  main.o(.data)
    num_sum                                  0x200000cb   Data           1  main.o(.data)
    ts_set                                   0x200000cc   Data           1  main.o(.data)
    ts_now                                   0x200000cd   Data           1  main.o(.data)
    send_count                               0x200000ce   Data           1  main.o(.data)
    uIP_RunTime                              0x200000d0   Data           4  main.o(.data)
    uip_timer                                0x200000d8   Data           4  timerx.o(.data)
    ad_timer                                 0x200000dc   Data           4  timerx.o(.data)
    li                                       0x200000e0   Data           1  timerx.o(.data)
    tcp_client_sta                           0x200000e2   Data           1  tcp_client_demo.o(.data)
    addr                                     0x200000e4   Data           4  tcp_client_demo.o(.data)
    addr1                                    0x200000e8   Data           4  tcp_client_demo.o(.data)
    mode_changed                             0x200000ec   Data           1  ad.o(.data)
    sendcount                                0x200000f0   Data           4  ad.o(.data)
    count                                    0x200000f4   Data           3  ad.o(.data)
    g_Console                                0x200000f8   Data         259  console.o(.bss)
    g_WlanAdapter                            0x200005fc   Data        2300  wlanadapter.o(.bss)
    uip_buf                                  0x20000ef8   Data        4098  uip.o(.bss)
    uip_conns                                0x20001efc   Data        1600  uip.o(.bss)
    uip_listenports                          0x2000253c   Data          80  uip.o(.bss)
    uip_udp_conns                            0x2000258c   Data          30  uip.o(.bss)
    tcp_client_databuf_send                  0x2000260a   Data         915  main.o(.bss)
    tcp_client_databuf_recv                  0x2000299d   Data          20  main.o(.bss)
    ucNetworkPktBuffer                       0x200029b1   Data        2048  main.o(.bss)
    ad_init                                  0x200031c2   Data          10  ad.o(.bss)
    ad_init1                                 0x200031cc   Data          10  ad.o(.bss)
    ad_data                                  0x200031d6   Data          10  ad.o(.bss)
    ad_data2                                 0x200031e0   Data          10  ad.o(.bss)
    __libspace_start                         0x200031ec   Data          96  libspace.o(.bss)
    __temporary_stack_top$libspace           0x2000324c   Data           0  libspace.o(.bss)



==============================================================================

Memory Map of the image

  Image Entry point : 0x08000131

  Load Region LR_IROM1 (Base: 0x08000000, Size: 0x0000a834, Max: 0x00080000, ABSOLUTE)

    Execution Region ER_IROM1 (Base: 0x08000000, Size: 0x0000a73c, Max: 0x00080000, ABSOLUTE)

    Base Addr    Size         Type   Attr      Idx    E Section Name        Object

    0x08000000   0x00000130   Data   RO          253    RESET               startup_stm32f10x_hd.o
    0x08000130   0x00000008   Code   RO         1218  * !!!main             c_w.l(__main.o)
    0x08000138   0x00000034   Code   RO         1601    !!!scatter          c_w.l(__scatter.o)
    0x0800016c   0x0000001a   Code   RO         1603    !!handler_copy      c_w.l(__scatter_copy.o)
    0x08000186   0x00000002   PAD
    0x08000188   0x0000001c   Code   RO         1605    !!handler_zi        c_w.l(__scatter_zi.o)
    0x080001a4   0x00000000   Code   RO         1197    .ARM.Collect$$_printf_percent$$00000000  c_w.l(_printf_percent.o)
    0x080001a4   0x00000006   Code   RO         1280    .ARM.Collect$$_printf_percent$$00000001  c_w.l(_printf_n.o)
    0x080001aa   0x00000006   Code   RO         1281    .ARM.Collect$$_printf_percent$$00000002  c_w.l(_printf_p.o)
    0x080001b0   0x00000006   Code   RO         1285    .ARM.Collect$$_printf_percent$$00000003  c_w.l(_printf_f.o)
    0x080001b6   0x00000006   Code   RO         1286    .ARM.Collect$$_printf_percent$$00000004  c_w.l(_printf_e.o)
    0x080001bc   0x00000006   Code   RO         1287    .ARM.Collect$$_printf_percent$$00000005  c_w.l(_printf_g.o)
    0x080001c2   0x00000006   Code   RO         1288    .ARM.Collect$$_printf_percent$$00000006  c_w.l(_printf_a.o)
    0x080001c8   0x0000000a   Code   RO         1293    .ARM.Collect$$_printf_percent$$00000007  c_w.l(_printf_ll.o)
    0x080001d2   0x00000006   Code   RO         1283    .ARM.Collect$$_printf_percent$$00000008  c_w.l(_printf_i.o)
    0x080001d8   0x00000006   Code   RO         1196    .ARM.Collect$$_printf_percent$$00000009  c_w.l(_printf_d.o)
    0x080001de   0x00000006   Code   RO         1284    .ARM.Collect$$_printf_percent$$0000000A  c_w.l(_printf_u.o)
    0x080001e4   0x00000006   Code   RO         1282    .ARM.Collect$$_printf_percent$$0000000B  c_w.l(_printf_o.o)
    0x080001ea   0x00000006   Code   RO         1195    .ARM.Collect$$_printf_percent$$0000000C  c_w.l(_printf_x.o)
    0x080001f0   0x00000006   Code   RO         1290    .ARM.Collect$$_printf_percent$$0000000D  c_w.l(_printf_lli.o)
    0x080001f6   0x00000006   Code   RO         1291    .ARM.Collect$$_printf_percent$$0000000E  c_w.l(_printf_lld.o)
    0x080001fc   0x00000006   Code   RO         1292    .ARM.Collect$$_printf_percent$$0000000F  c_w.l(_printf_llu.o)
    0x08000202   0x00000006   Code   RO         1297    .ARM.Collect$$_printf_percent$$00000010  c_w.l(_printf_llo.o)
    0x08000208   0x00000006   Code   RO         1298    .ARM.Collect$$_printf_percent$$00000011  c_w.l(_printf_llx.o)
    0x0800020e   0x0000000a   Code   RO         1294    .ARM.Collect$$_printf_percent$$00000012  c_w.l(_printf_l.o)
    0x08000218   0x00000006   Code   RO         1278    .ARM.Collect$$_printf_percent$$00000013  c_w.l(_printf_c.o)
    0x0800021e   0x00000006   Code   RO         1279    .ARM.Collect$$_printf_percent$$00000014  c_w.l(_printf_s.o)
    0x08000224   0x00000006   Code   RO         1295    .ARM.Collect$$_printf_percent$$00000015  c_w.l(_printf_lc.o)
    0x0800022a   0x00000006   Code   RO         1296    .ARM.Collect$$_printf_percent$$00000016  c_w.l(_printf_ls.o)
    0x08000230   0x00000004   Code   RO         1289    .ARM.Collect$$_printf_percent$$00000017  c_w.l(_printf_percent_end.o)
    0x08000234   0x00000002   Code   RO         1511    .ARM.Collect$$libinit$$00000000  c_w.l(libinit.o)
    0x08000236   0x00000000   Code   RO         1310    .ARM.Collect$$libinit$$00000002  c_w.l(libinit2.o)
    0x08000236   0x00000000   Code   RO         1312    .ARM.Collect$$libinit$$00000004  c_w.l(libinit2.o)
    0x08000236   0x00000008   Code   RO         1313    .ARM.Collect$$libinit$$00000005  c_w.l(libinit2.o)
    0x0800023e   0x00000000   Code   RO         1315    .ARM.Collect$$libinit$$0000000A  c_w.l(libinit2.o)
    0x0800023e   0x00000000   Code   RO         1317    .ARM.Collect$$libinit$$0000000C  c_w.l(libinit2.o)
    0x0800023e   0x00000000   Code   RO         1319    .ARM.Collect$$libinit$$0000000E  c_w.l(libinit2.o)
    0x0800023e   0x00000006   Code   RO         1320    .ARM.Collect$$libinit$$0000000F  c_w.l(libinit2.o)
    0x08000244   0x00000000   Code   RO         1322    .ARM.Collect$$libinit$$00000011  c_w.l(libinit2.o)
    0x08000244   0x0000000c   Code   RO         1323    .ARM.Collect$$libinit$$00000012  c_w.l(libinit2.o)
    0x08000250   0x00000000   Code   RO         1324    .ARM.Collect$$libinit$$00000013  c_w.l(libinit2.o)
    0x08000250   0x00000000   Code   RO         1326    .ARM.Collect$$libinit$$00000015  c_w.l(libinit2.o)
    0x08000250   0x0000000a   Code   RO         1327    .ARM.Collect$$libinit$$00000016  c_w.l(libinit2.o)
    0x0800025a   0x00000000   Code   RO         1328    .ARM.Collect$$libinit$$00000017  c_w.l(libinit2.o)
    0x0800025a   0x00000000   Code   RO         1330    .ARM.Collect$$libinit$$00000019  c_w.l(libinit2.o)
    0x0800025a   0x00000000   Code   RO         1332    .ARM.Collect$$libinit$$0000001B  c_w.l(libinit2.o)
    0x0800025a   0x00000000   Code   RO         1334    .ARM.Collect$$libinit$$0000001D  c_w.l(libinit2.o)
    0x0800025a   0x00000000   Code   RO         1336    .ARM.Collect$$libinit$$0000001F  c_w.l(libinit2.o)
    0x0800025a   0x00000000   Code   RO         1338    .ARM.Collect$$libinit$$00000021  c_w.l(libinit2.o)
    0x0800025a   0x00000000   Code   RO         1340    .ARM.Collect$$libinit$$00000023  c_w.l(libinit2.o)
    0x0800025a   0x00000000   Code   RO         1342    .ARM.Collect$$libinit$$00000025  c_w.l(libinit2.o)
    0x0800025a   0x00000000   Code   RO         1346    .ARM.Collect$$libinit$$0000002C  c_w.l(libinit2.o)
    0x0800025a   0x00000000   Code   RO         1348    .ARM.Collect$$libinit$$0000002E  c_w.l(libinit2.o)
    0x0800025a   0x00000000   Code   RO         1350    .ARM.Collect$$libinit$$00000030  c_w.l(libinit2.o)
    0x0800025a   0x00000000   Code   RO         1352    .ARM.Collect$$libinit$$00000032  c_w.l(libinit2.o)
    0x0800025a   0x00000002   Code   RO         1353    .ARM.Collect$$libinit$$00000033  c_w.l(libinit2.o)
    0x0800025c   0x00000002   Code   RO         1598    .ARM.Collect$$libshutdown$$00000000  c_w.l(libshutdown.o)
    0x0800025e   0x00000000   Code   RO         1513    .ARM.Collect$$libshutdown$$00000002  c_w.l(libshutdown2.o)
    0x0800025e   0x00000000   Code   RO         1515    .ARM.Collect$$libshutdown$$00000004  c_w.l(libshutdown2.o)
    0x0800025e   0x00000000   Code   RO         1518    .ARM.Collect$$libshutdown$$00000007  c_w.l(libshutdown2.o)
    0x0800025e   0x00000000   Code   RO         1521    .ARM.Collect$$libshutdown$$0000000A  c_w.l(libshutdown2.o)
    0x0800025e   0x00000000   Code   RO         1523    .ARM.Collect$$libshutdown$$0000000C  c_w.l(libshutdown2.o)
    0x0800025e   0x00000000   Code   RO         1526    .ARM.Collect$$libshutdown$$0000000F  c_w.l(libshutdown2.o)
    0x0800025e   0x00000002   Code   RO         1527    .ARM.Collect$$libshutdown$$00000010  c_w.l(libshutdown2.o)
    0x08000260   0x00000000   Code   RO         1222    .ARM.Collect$$rtentry$$00000000  c_w.l(__rtentry.o)
    0x08000260   0x00000000   Code   RO         1362    .ARM.Collect$$rtentry$$00000002  c_w.l(__rtentry2.o)
    0x08000260   0x00000006   Code   RO         1374    .ARM.Collect$$rtentry$$00000004  c_w.l(__rtentry4.o)
    0x08000266   0x00000000   Code   RO         1364    .ARM.Collect$$rtentry$$00000009  c_w.l(__rtentry2.o)
    0x08000266   0x00000004   Code   RO         1365    .ARM.Collect$$rtentry$$0000000A  c_w.l(__rtentry2.o)
    0x0800026a   0x00000000   Code   RO         1367    .ARM.Collect$$rtentry$$0000000C  c_w.l(__rtentry2.o)
    0x0800026a   0x00000008   Code   RO         1368    .ARM.Collect$$rtentry$$0000000D  c_w.l(__rtentry2.o)
    0x08000272   0x00000002   Code   RO         1537    .ARM.Collect$$rtexit$$00000000  c_w.l(rtexit.o)
    0x08000274   0x00000000   Code   RO         1564    .ARM.Collect$$rtexit$$00000002  c_w.l(rtexit2.o)
    0x08000274   0x00000004   Code   RO         1565    .ARM.Collect$$rtexit$$00000003  c_w.l(rtexit2.o)
    0x08000278   0x00000006   Code   RO         1566    .ARM.Collect$$rtexit$$00000004  c_w.l(rtexit2.o)
    0x0800027e   0x00000002   PAD
    0x08000280   0x00000000   Code   RO         1380    .emb_text           c_w.l(maybetermalloc1.o)
    0x08000280   0x0000000a   Code   RO          210    .text               board_init.o
    0x0800028a   0x00000002   PAD
    0x0800028c   0x00000078   Code   RO          233    .text               hw_config.o
    0x08000304   0x00000040   Code   RO          254    .text               startup_stm32f10x_hd.o
    0x08000344   0x000000b4   Code   RO          258    .text               stm32f10x_it.o
    0x080003f8   0x000001e0   Code   RO          271    .text               system_stm32f10x.o
    0x080005d8   0x000003a4   Code   RO          337    .text               stm32f10x_usart.o
    0x0800097c   0x000000dc   Code   RO          349    .text               misc.o
    0x08000a58   0x0000024c   Code   RO          361    .text               stm32f10x_dma.o
    0x08000ca4   0x0000011c   Code   RO          373    .text               stm32f10x_exti.o
    0x08000dc0   0x00000534   Code   RO          385    .text               stm32f10x_flash.o
    0x080012f4   0x0000033c   Code   RO          397    .text               stm32f10x_gpio.o
    0x08001630   0x000003a4   Code   RO          409    .text               stm32f10x_rcc.o
    0x080019d4   0x0000030c   Code   RO          423    .text               stm32f10x_spi.o
    0x08001ce0   0x00000054   Code   RO          435    .text               buzzer.o
    0x08001d34   0x00000188   Code   RO          447    .text               console.o
    0x08001ebc   0x000004f4   Code   RO          473    .text               gspi.o
    0x080023b0   0x000003e0   Code   RO          485    .text               flash.o
    0x08002790   0x00000104   Code   RO          497    .text               led.o
    0x08002894   0x00000054   Code   RO          509    .text               relay.o
    0x080028e8   0x0000025c   Code   RO          521    .text               uart.o
    0x08002b44   0x00000310   Code   RO          535    .text               wifiapiexport.o
    0x08002e54   0x00000724   Code   RO          559    .text               wificommand.o
    0x08003578   0x000005cc   Code   RO          571    .text               wifi_if.o
    0x08003b44   0x00000488   Code   RO          595    .text               wifi_hw.o
    0x08003fcc   0x00000050   Code   RO          612    .text               wlanadapter.o
    0x0800401c   0x000012d0   Code   RO          639    .text               wlancmd.o
    0x080052ec   0x00000098   Code   RO          654    .text               wlaninit.o
    0x08005384   0x00000254   Code   RO          666    .text               wlanmisc.o
    0x080055d8   0x00000320   Code   RO          678    .text               wlanpkt.o
    0x080058f8   0x000013e8   Code   RO          711    .text               uip.o
    0x08006ce0   0x0000040c   Code   RO          735    .text               uip_arp.o
    0x080070ec   0x00000038   Code   RO          835    .text               tapdev.o
    0x08007124   0x00000210   Code   RO          857    .text               uip_app.o
    0x08007334   0x000001e8   Code   RO          894    .text               main.o
    0x0800751c   0x0000017c   Code   RO          934    .text               sysclock.o
    0x08007698   0x00000bc6   Code   RO          953    .text               stm32f10x_tim.o
    0x0800825e   0x00000002   PAD
    0x08008260   0x000000b4   Code   RO          965    .text               timerx.o
    0x08008314   0x00000224   Code   RO          987    .text               tcp_client_demo.o
    0x08008538   0x0000003c   Code   RO         1011    .text               tcp_demo.o
    0x08008574   0x0000030c   Code   RO         1057    .text               ad.o
    0x08008880   0x0000005e   Code   RO         1080    .text               c_w.l(h1_alloc.o)
    0x080088de   0x0000004e   Code   RO         1082    .text               c_w.l(h1_free.o)
    0x0800892c   0x00000024   Code   RO         1138    .text               c_w.l(c89vsprintf.o)
    0x08008950   0x0000002c   Code   RO         1142    .text               c_w.l(__2sprintf.o)
    0x0800897c   0x0000004e   Code   RO         1150    .text               c_w.l(_printf_pad.o)
    0x080089ca   0x00000002   PAD
    0x080089cc   0x00000078   Code   RO         1152    .text               c_w.l(_printf_dec.o)
    0x08008a44   0x00000094   Code   RO         1172    .text               c_w.l(_printf_hex_int_ll_ptr.o)
    0x08008ad8   0x00000188   Code   RO         1192    .text               c_w.l(__printf_flags_ss_wp.o)
    0x08008c60   0x0000001a   Code   RO         1198    .text               c_w.l(atoi.o)
    0x08008c7a   0x00000048   Code   RO         1200    .text               c_w.l(strcpy.o)
    0x08008cc2   0x0000003e   Code   RO         1202    .text               c_w.l(strlen.o)
    0x08008d00   0x0000008a   Code   RO         1204    .text               c_w.l(rt_memcpy_v6.o)
    0x08008d8a   0x00000064   Code   RO         1206    .text               c_w.l(rt_memcpy_w.o)
    0x08008dee   0x00000010   Code   RO         1208    .text               c_w.l(aeabi_memset.o)
    0x08008dfe   0x00000044   Code   RO         1210    .text               c_w.l(rt_memclr.o)
    0x08008e42   0x0000004e   Code   RO         1212    .text               c_w.l(rt_memclr_w.o)
    0x08008e90   0x00000080   Code   RO         1214    .text               c_w.l(strcmpv7m.o)
    0x08008f10   0x00000006   Code   RO         1216    .text               c_w.l(heapauxi.o)
    0x08008f16   0x00000002   PAD
    0x08008f18   0x00000008   Code   RO         1226    .text               c_w.l(rt_heap_descriptor_intlibspace.o)
    0x08008f20   0x00000008   Code   RO         1231    .text               c_w.l(rt_errno_addr_intlibspace.o)
    0x08008f28   0x00000004   Code   RO         1233    .text               c_w.l(hguard.o)
    0x08008f2c   0x0000008a   Code   RO         1235    .text               c_w.l(init_alloc.o)
    0x08008fb6   0x0000000e   Code   RO         1239    .text               c_w.l(h1_init.o)
    0x08008fc4   0x00000024   Code   RO         1253    .text               c_w.l(_printf_truncate.o)
    0x08008fe8   0x00000052   Code   RO         1255    .text               c_w.l(_printf_str.o)
    0x0800903a   0x000000b2   Code   RO         1257    .text               c_w.l(_printf_intcommon.o)
    0x080090ec   0x00000028   Code   RO         1259    .text               c_w.l(_printf_charcount.o)
    0x08009114   0x00000030   Code   RO         1261    .text               c_w.l(_printf_char_common.o)
    0x08009144   0x0000000a   Code   RO         1263    .text               c_w.l(_sputc.o)
    0x0800914e   0x00000002   PAD
    0x08009150   0x000000bc   Code   RO         1267    .text               c_w.l(_printf_wctomb.o)
    0x0800920c   0x0000007c   Code   RO         1270    .text               c_w.l(_printf_longlong_dec.o)
    0x08009288   0x00000070   Code   RO         1276    .text               c_w.l(_printf_oct_int_ll.o)
    0x080092f8   0x00000070   Code   RO         1299    .text               c_w.l(strtol.o)
    0x08009368   0x00000008   Code   RO         1358    .text               c_w.l(libspace.o)
    0x08009370   0x00000010   Code   RO         1376    .text               c_w.l(rt_ctype_table.o)
    0x08009380   0x00000034   Code   RO         1382    .text               c_w.l(h1_extend.o)
    0x080093b4   0x0000008a   Code   RO         1386    .text               c_w.l(lludiv10.o)
    0x0800943e   0x0000041a   Code   RO         1388    .text               c_w.l(_printf_fp_dec.o)
    0x08009858   0x0000002c   Code   RO         1392    .text               c_w.l(_printf_char.o)
    0x08009884   0x0000002c   Code   RO         1394    .text               c_w.l(_printf_wchar.o)
    0x080098b0   0x0000009e   Code   RO         1396    .text               c_w.l(_strtoul.o)
    0x0800994e   0x00000040   Code   RO         1412    .text               c_w.l(_wcrtomb.o)
    0x0800998e   0x0000000e   Code   RO         1414    .text               c_w.l(defsig_rtmem_outer.o)
    0x0800999c   0x00000002   Code   RO         1430    .text               c_w.l(use_no_semi.o)
    0x0800999e   0x00000000   Code   RO         1432    .text               c_w.l(indicate_semi.o)
    0x0800999e   0x0000004a   Code   RO         1433    .text               c_w.l(sys_stackheap_outer.o)
    0x080099e8   0x00000008   Code   RO         1440    .text               c_w.l(rt_locale_intlibspace.o)
    0x080099f0   0x00000080   Code   RO         1444    .text               c_w.l(_printf_fp_infnan.o)
    0x08009a70   0x0000001c   Code   RO         1446    .text               c_w.l(_chval.o)
    0x08009a8c   0x000000dc   Code   RO         1448    .text               c_w.l(bigflt0.o)
    0x08009b68   0x00000012   Code   RO         1492    .text               c_w.l(exit.o)
    0x08009b7a   0x0000000a   Code   RO         1494    .text               c_w.l(defsig_exit.o)
    0x08009b84   0x00000050   Code   RO         1500    .text               c_w.l(defsig_rtmem_inner.o)
    0x08009bd4   0x0000000c   Code   RO         1535    .text               c_w.l(sys_exit.o)
    0x08009be0   0x00000032   Code   RO         1555    .text               c_w.l(defsig_general.o)
    0x08009c12   0x0000000e   Code   RO         1561    .text               c_w.l(sys_wrch.o)
    0x08009c20   0x0000003e   Code   RO         1451    CL$$btod_d2e        c_w.l(btod.o)
    0x08009c5e   0x00000046   Code   RO         1453    CL$$btod_d2e_denorm_low  c_w.l(btod.o)
    0x08009ca4   0x00000060   Code   RO         1452    CL$$btod_d2e_norm_op1  c_w.l(btod.o)
    0x08009d04   0x00000338   Code   RO         1461    CL$$btod_div_common  c_w.l(btod.o)
    0x0800a03c   0x000000c6   Code   RO         1458    CL$$btod_e2e        c_w.l(btod.o)
    0x0800a102   0x00000028   Code   RO         1455    CL$$btod_ediv       c_w.l(btod.o)
    0x0800a12a   0x00000028   Code   RO         1454    CL$$btod_emul       c_w.l(btod.o)
    0x0800a152   0x00000244   Code   RO         1460    CL$$btod_mult_common  c_w.l(btod.o)
    0x0800a396   0x00000028   Code   RO         1533    i.__ARM_fpclassify  m_ws.l(fpclassify.o)
    0x0800a3be   0x0000000e   Code   RO         1185    i._is_digit         c_w.l(__printf_wp.o)
    0x0800a3cc   0x0000002c   Code   RO         1487    locale$$code        c_w.l(lc_ctype_c.o)
    0x0800a3f8   0x0000002c   Code   RO         1490    locale$$code        c_w.l(lc_numeric_c.o)
    0x0800a424   0x00000004   Code   RO         1354    x$fpl$printf1       fz_ws.l(printf1.o)
    0x0800a428   0x00000000   Code   RO         1532    x$fpl$usenofp       fz_ws.l(usenofp.o)
    0x0800a428   0x00000018   Data   RO          449    .constdata          console.o
    0x0800a440   0x00000014   Data   RO          597    .constdata          wifi_hw.o
    0x0800a454   0x0000000c   Data   RO          640    .constdata          wlancmd.o
    0x0800a460   0x00000008   Data   RO          713    .constdata          uip.o
    0x0800a468   0x0000000a   Data   RO          737    .constdata          uip_arp.o
    0x0800a472   0x00000028   Data   RO         1173    .constdata          c_w.l(_printf_hex_int_ll_ptr.o)
    0x0800a49a   0x00000011   Data   RO         1193    .constdata          c_w.l(__printf_flags_ss_wp.o)
    0x0800a4ab   0x00000001   PAD
    0x0800a4ac   0x00000008   Data   RO         1268    .constdata          c_w.l(_printf_wctomb.o)
    0x0800a4b4   0x00000094   Data   RO         1449    .constdata          c_w.l(bigflt0.o)
    0x0800a548   0x0000004c   Data   RO          598    .conststring        wifi_hw.o
    0x0800a594   0x0000005c   Data   RO          641    .conststring        wlancmd.o
    0x0800a5f0   0x00000020   Data   RO         1599    Region$$Table       anon$$obj.o
    0x0800a610   0x00000110   Data   RO         1486    locale$$data        c_w.l(lc_ctype_c.o)
    0x0800a720   0x0000001c   Data   RO         1489    locale$$data        c_w.l(lc_numeric_c.o)


    Execution Region RW_IRAM1 (Base: 0x20000000, Size: 0x0000d250, Max: 0x00010000, ABSOLUTE)

    Base Addr    Size         Type   Attr      Idx    E Section Name        Object

    0x20000000   0x00000001   Data   RW          234    .data               hw_config.o
    0x20000001   0x00000003   PAD
    0x20000004   0x00000014   Data   RW          272    .data               system_stm32f10x.o
    0x20000018   0x00000014   Data   RW          410    .data               stm32f10x_rcc.o
    0x2000002c   0x0000000c   Data   RW          522    .data               uart.o
    0x20000038   0x00000008   Data   RW          573    .data               wifi_if.o
    0x20000040   0x00000004   Data   RW          614    .data               wlanadapter.o
    0x20000044   0x00000040   Data   RW          714    .data               uip.o
    0x20000084   0x00000008   Data   RW          738    .data               uip_arp.o
    0x2000008c   0x00000015   Data   RW          858    .data               uip_app.o
    0x200000a1   0x00000003   PAD
    0x200000a4   0x00000030   Data   RW          896    .data               main.o
    0x200000d4   0x00000004   Data   RW          936    .data               sysclock.o
    0x200000d8   0x00000009   Data   RW          966    .data               timerx.o
    0x200000e1   0x00000001   PAD
    0x200000e2   0x0000000a   Data   RW          988    .data               tcp_client_demo.o
    0x200000ec   0x0000000b   Data   RW         1059    .data               ad.o
    0x200000f7   0x00000001   PAD
    0x200000f8   0x00000103   Zero   RW          448    .bss                console.o
    0x200001fb   0x00000400   Zero   RW          596    .bss                wifi_hw.o
    0x200005fb   0x00000001   PAD
    0x200005fc   0x000008fc   Zero   RW          613    .bss                wlanadapter.o
    0x20000ef8   0x000016b2   Zero   RW          712    .bss                uip.o
    0x200025aa   0x00000060   Zero   RW          736    .bss                uip_arp.o
    0x2000260a   0x00000ba7   Zero   RW          895    .bss                main.o
    0x200031b1   0x00000001   PAD
    0x200031b2   0x00000010   Zero   RW          935    .bss                sysclock.o
    0x200031c2   0x00000028   Zero   RW         1058    .bss                ad.o
    0x200031ea   0x00000002   PAD
    0x200031ec   0x00000060   Zero   RW         1359    .bss                c_w.l(libspace.o)
    0x2000324c   0x00000004   PAD
    0x20003250   0x00008000   Zero   RW          252    HEAP                startup_stm32f10x_hd.o
    0x2000b250   0x00002000   Zero   RW          251    STACK               startup_stm32f10x_hd.o


==============================================================================

Image component sizes


      Code (inc. data)   RO Data    RW Data    ZI Data      Debug   Object Name

       780         54          0         11         40       3170   ad.o
        10          0          0          0          0       1029   board_init.o
        84          6          0          0          0       1351   buzzer.o
         0          0          0          0          0        400   clock-arch.o
       392         16         24          0        259       4283   console.o
         0          0          0          0          0         32   core_cm3.o
       992         86          0          0          0       3045   flash.o
      1268         52          0          0          0       4624   gspi.o
       120          4          0          1          0        860   hw_config.o
       260         18          0          0          0       1616   led.o
       488        262          0         48       2983       3164   main.o
       220         22          0          0          0       1905   misc.o
         0          0          0          0          0       8679   psock.o
        84          6          0          0          0       1336   relay.o
        64         26        304          0      40960        844   startup_stm32f10x_hd.o
       588          8          0          0          0       3723   stm32f10x_dma.o
       284         10          0          0          0       2363   stm32f10x_exti.o
      1332         34          0          0          0       7442   stm32f10x_flash.o
       828         38          0          0          0       5745   stm32f10x_gpio.o
       180         44          0          0          0       2240   stm32f10x_it.o
       932         36          0         20          0       9068   stm32f10x_rcc.o
       780         14          0          0          0       6718   stm32f10x_spi.o
      3014         16          0          0          0      24640   stm32f10x_tim.o
       932         22          0          0          0       8043   stm32f10x_usart.o
       380        118          0          4         16      17593   sysclock.o
       480         38          0         20          0       1955   system_stm32f10x.o
        56         12          0          0          0       8187   tapdev.o
       548        138          0         10          0      11567   tcp_client_demo.o
        60          6          0          0          0        631   tcp_demo.o
       180         18          0          9          0       1740   timerx.o
       604         56          0         12          0       3092   uart.o
         0          0          0          0          0     323979   uarttrace.o
      5096        250          8         64       5810      15752   uip.o
       528         68          0         21          0       2449   uip_app.o
      1036         60         10          8         96       4031   uip_arp.o
      1160        300         96          0       1024       4863   wifi_hw.o
      1484        470          0          8          0       6983   wifi_if.o
       784        182          0          0          0       2500   wifiapiexport.o
      1828        334          0          0          0       3755   wificommand.o
        80          0          0          4       2300       5961   wlanadapter.o
      4816        942        104          0          0      13572   wlancmd.o
       152         66          0          0          0       1346   wlaninit.o
       596         32          0          0          0       3227   wlanmisc.o
       800        290          0          0          0       2522   wlanpkt.o

    ----------------------------------------------------------------------
     34304       4154        578        248      53492     542025   Object Totals
         0          0         32          0          0          0   (incl. Generated)
         4          0          0          8          4          0   (incl. Padding)

    ----------------------------------------------------------------------

      Code (inc. data)   RO Data    RW Data    ZI Data      Debug   Library Member Name

        44          6          0          0          0         84   __2sprintf.o
         8          0          0          0          0         68   __main.o
       392          4         17          0          0         92   __printf_flags_ss_wp.o
        14          0          0          0          0         68   __printf_wp.o
         0          0          0          0          0          0   __rtentry.o
        12          0          0          0          0          0   __rtentry2.o
         6          0          0          0          0          0   __rtentry4.o
        52          8          0          0          0          0   __scatter.o
        26          0          0          0          0          0   __scatter_copy.o
        28          0          0          0          0          0   __scatter_zi.o
        28          0          0          0          0         68   _chval.o
         6          0          0          0          0          0   _printf_a.o
         6          0          0          0          0          0   _printf_c.o
        44          0          0          0          0        108   _printf_char.o
        48          6          0          0          0         96   _printf_char_common.o
        40          0          0          0          0         68   _printf_charcount.o
         6          0          0          0          0          0   _printf_d.o
       120         16          0          0          0         92   _printf_dec.o
         6          0          0          0          0          0   _printf_e.o
         6          0          0          0          0          0   _printf_f.o
      1050          0          0          0          0        216   _printf_fp_dec.o
       128         16          0          0          0         84   _printf_fp_infnan.o
         6          0          0          0          0          0   _printf_g.o
       148          4         40          0          0        160   _printf_hex_int_ll_ptr.o
         6          0          0          0          0          0   _printf_i.o
       178          0          0          0          0         88   _printf_intcommon.o
        10          0          0          0          0          0   _printf_l.o
         6          0          0          0          0          0   _printf_lc.o
        10          0          0          0          0          0   _printf_ll.o
         6          0          0          0          0          0   _printf_lld.o
         6          0          0          0          0          0   _printf_lli.o
         6          0          0          0          0          0   _printf_llo.o
         6          0          0          0          0          0   _printf_llu.o
         6          0          0          0          0          0   _printf_llx.o
       124         16          0          0          0         92   _printf_longlong_dec.o
         6          0          0          0          0          0   _printf_ls.o
         6          0          0          0          0          0   _printf_n.o
         6          0          0          0          0          0   _printf_o.o
       112          8          0          0          0        124   _printf_oct_int_ll.o
         6          0          0          0          0          0   _printf_p.o
        78          0          0          0          0        108   _printf_pad.o
         0          0          0          0          0          0   _printf_percent.o
         4          0          0          0          0          0   _printf_percent_end.o
         6          0          0          0          0          0   _printf_s.o
        82          0          0          0          0         80   _printf_str.o
        36          0          0          0          0         84   _printf_truncate.o
         6          0          0          0          0          0   _printf_u.o
        44          0          0          0          0        108   _printf_wchar.o
       188          6          8          0          0         92   _printf_wctomb.o
         6          0          0          0          0          0   _printf_x.o
        10          0          0          0          0         68   _sputc.o
       158          0          0          0          0         92   _strtoul.o
        64          0          0          0          0         92   _wcrtomb.o
        16          0          0          0          0         68   aeabi_memset.o
        26          0          0          0          0         80   atoi.o
       220          4        148          0          0         96   bigflt0.o
      1910        128          0          0          0        672   btod.o
        36          4          0          0          0         76   c89vsprintf.o
        10          0          0          0          0         68   defsig_exit.o
        50          0          0          0          0         88   defsig_general.o
        80         58          0          0          0         76   defsig_rtmem_inner.o
        14          0          0          0          0         80   defsig_rtmem_outer.o
        18          0          0          0          0         80   exit.o
        94          0          0          0          0         80   h1_alloc.o
        52          0          0          0          0         68   h1_extend.o
        78          0          0          0          0         80   h1_free.o
        14          0          0          0          0         84   h1_init.o
         6          0          0          0          0        152   heapauxi.o
         4          0          0          0          0        136   hguard.o
         0          0          0          0          0          0   indicate_semi.o
       138          0          0          0          0        168   init_alloc.o
        44         10        272          0          0         76   lc_ctype_c.o
        44         10         28          0          0         76   lc_numeric_c.o
         2          0          0          0          0          0   libinit.o
        38          0          0          0          0          0   libinit2.o
         2          0          0          0          0          0   libshutdown.o
         2          0          0          0          0          0   libshutdown2.o
         8          4          0          0         96         68   libspace.o
       138          0          0          0          0         80   lludiv10.o
         0          0          0          0          0          0   maybetermalloc1.o
        16          4          0          0          0         76   rt_ctype_table.o
         8          4          0          0          0         68   rt_errno_addr_intlibspace.o
         8          4          0          0          0         68   rt_heap_descriptor_intlibspace.o
         8          4          0          0          0         68   rt_locale_intlibspace.o
        68          0          0          0          0         68   rt_memclr.o
        78          0          0          0          0         80   rt_memclr_w.o
       138          0          0          0          0         68   rt_memcpy_v6.o
       100          0          0          0          0         80   rt_memcpy_w.o
         2          0          0          0          0          0   rtexit.o
        10          0          0          0          0          0   rtexit2.o
       128          0          0          0          0         68   strcmpv7m.o
        72          0          0          0          0         80   strcpy.o
        62          0          0          0          0         76   strlen.o
       112          0          0          0          0         88   strtol.o
        12          4          0          0          0         68   sys_exit.o
        74          0          0          0          0         80   sys_stackheap_outer.o
        14          0          0          0          0         76   sys_wrch.o
         2          0          0          0          0         68   use_no_semi.o
         4          0          0          0          0         68   printf1.o
         0          0          0          0          0          0   usenofp.o
        40          0          0          0          0         68   fpclassify.o

    ----------------------------------------------------------------------
      7416        328        514          0        100       6000   Library Totals
        10          0          1          0          4          0   (incl. Padding)

    ----------------------------------------------------------------------

      Code (inc. data)   RO Data    RW Data    ZI Data      Debug   Library Name

      7362        328        513          0         96       5864   c_w.l
         4          0          0          0          0         68   fz_ws.l
        40          0          0          0          0         68   m_ws.l

    ----------------------------------------------------------------------
      7416        328        514          0        100       6000   Library Totals

    ----------------------------------------------------------------------

==============================================================================


      Code (inc. data)   RO Data    RW Data    ZI Data      Debug   

     41720       4482       1092        248      53592     540845   Grand Totals
     41720       4482       1092        248      53592     540845   ELF Image Totals
     41720       4482       1092        248          0          0   ROM Totals

==============================================================================

    Total RO  Size (Code + RO Data)                42812 (  41.81kB)
    Total RW  Size (RW Data + ZI Data)             53840 (  52.58kB)
    Total ROM Size (Code + RO Data + RW Data)      43060 (  42.05kB)

==============================================================================

